or dynamic allocation:[0m
[0;32mI (429) heap_init: At 3FC9A9F0 leï¿½ESP-ROM:esp32s3-20210327
Build:Mar 27 2021
rst:0x1 (POWERON),boot:0x8 (SPI_FAST_FLASH_BOOT)
SPIWP:0xee
Octal Flash Mode Enabled
For OPI Flash, Use Default Flash Boot Mode
mode:SLOW_RD, clock div:1
load:0x3fce2810,len:0x178c
load:0x403c8700,len:0x4
load:0x403c8704,len:0xcb8
load:0x403cb700,len:0x2db0
entry 0x403c8914
[0;32mI (33) boot: ESP-IDF v5.3 2nd stage bootloader[0m
[0;32mI (33) boot: compile time Aug 28 2024 12:22:19[0m
[0;32mI (33) boot: Multicore bootloader[0m
[0;32mI (36) boot: chip revision: v0.1[0m
[0;32mI (40) boot.esp32s3: Boot SPI Speed : 80MHz[0m
[0;32mI (45) boot.esp32s3: SPI Mode       : SLOW READ[0m
[0;32mI (50) boot.esp32s3: SPI Flash Size : 32MB[0m
[0;32mI (55) boot: Enabling RNG early entropy source...[0m
[0;32mI (60) boot: Partition Table:[0m
[0;32mI (64) boot: ## Label            Usage          Type ST Offset   Length[0m
[0;32mI (71) boot:  0 nvs              WiFi data        01 02 00009000 00006000[0m
[0;32mI (79) boot:  1 phy_init         RF data          01 01 0000f000 00001000[0m
[0;32mI (86) boot:  2 factory          factory app      00 00 00010000 00200000[0m
[0;32mI (93) boot:  3 littlefs         Unknown data     01 83 00210000 00800000[0m
[0;32mI (101) boot: End of partition table[0m
[0;32mI (105) esp_image: segment 0: paddr=00010020 vaddr=3c090020 size=2c2b8h (180920) map[0m
[0;32mI (157) esp_image: segment 1: paddr=0003c2e0 vaddr=3fc96200 size=02cech ( 11500) load[0m
[0;32mI (160) esp_image: segment 2: paddr=0003efd4 vaddr=40374000 size=01044h (  4164) load[0m
[0;32mI (164) esp_image: segment 3: paddr=00040020 vaddr=42000020 size=8ef98h (585624) map[0m
[0;32mI (310) esp_image: segment 4: paddr=000cefc0 vaddr=40375044 size=11164h ( 69988) load[0m
[0;32mI (330) esp_image: segment 5: paddr=000e012c vaddr=50000000 size=00018h (    24) load[0m
[0;32mI (330) esp_image: segment 6: paddr=000e014c vaddr=600fe000 size=00100h (   256) load[0m
[0;32mI (335) esp_image: segment 7: paddr=000e0254 vaddr=600fe100 size=00008h (     8) load[0m
[0;32mI (351) boot: Loaded app from partition at offset 0x10000[0m
[0;32mI (351) boot: Disabling RNG early entropy source...[0m
[0;32mI (367) cpu_start: Multicore app[0m
[0;32mI (377) cpu_start: Pro cpu start user code[0m
[0;32mI (377) cpu_start: cpu freq: 160000000 Hz[0m
[0;32mI (377) app_init: Application information:[0m
[0;32mI (380) app_init: Project name:     modem-console[0m
[0;32mI (385) app_init: App version:      6f47db3-dirty[0m
[0;32mI (391) app_init: Compile time:     Aug 31 2024 07:43:12[0m
[0;32mI (397) app_init: ELF file SHA256:  f30852bd76ffa309...[0m
[0;32mI (402) app_init: ESP-IDF:          v5.3[0m
[0;32mI (407) efuse_init: Min chip rev:     v0.0[0m
[0;32mI (412) efuse_init: Max chip rev:     v0.99 [0m
[0;32mI (417) efuse_init: Chip rev:         v0.1[0m
[0;32mI (422) heap_init: Initializing. RAM available for dynamic allocation:[0m
[0;32mI (429) heap_init: At 3FC9A9F0 len 0004ED20 (315 KiB): RAM[0m
[0;32mI (435) heap_init: At 3FCE9710 len 00005724 (21 KiB): RAM[0m
[0;32mI (441) heap_init: At 3FCF0000 len 00008000 (32 KiB): DRAM[0m
[0;32mI (447) heap_init: At 600FE108 len 00001EE0 (7 KiB): RTCRAM[0m
[0;33mW (454) spi_flash: Octal flash chip is using but dio mode is selected, will automatically swich to Octal mode[0m
[0;32mI (464) spi_flash: detected chip: mxic (opi)[0m
[0;32mI (469) spi_flash: flash io: opi_str[0m
[0;32mI (473) sleep: Configure to isolate all GPIO pins in sleep state[0m
[0;32mI (480) sleep: Enable automatic switching of GPIO sleep configuration[0m
[0;32mI (487) main_task: Started on CPU0[0m
[0;32mI (507) main_task: Calling app_main()[0m
[0;32mI (507) gpio: GPIO[18]| InputEn: 0| OutputEn: 1| OpenDrain: 0| Pullup: 0| Pulldown: 0| Intr:0 [0m
[0;32mI (517) modem_console: LittleFS initialized successfully[0m
[0;32mI (527) modem_console: File written with content: Hello world, this is littlefs[0m
|-- hello.txt
|-- mydir/
[0;31mE (537) modem_console: Failed to create directory /littlefs/mydir[0m
[0;32mI (537) modem_console: Found hello.txt[0m
[0;32mI (537) modem_console: Found mydir[0m
[0;32mI (537) modem_console: Initializing esp_modem for the BG96 module...[0m
[0;32mI (547) modem_console: Waiting for USB device connection...[0m
[0;31mE (897) HUB: Bad transfer status 1: CHECK_SHORT_DEV_DESC[0m
[0;31mE (897) HUB: Stage failed: CHECK_SHORT_DEV_DESC[0m
ESP-ROM:esp32s3-20210327
Build:Mar 27 2021
rst:0x1 (POWERON),boot:0x8 (SPI_FAST_FLASH_BOOT)
SPIWP:0xee
Octal Flash Mode Enabled
For OPI Flash, Use Default Flash Boot Mode
mode:SLOW_RD, clock div:1
load:0x3fce2810,len:0x178c
load:0x403c8700,len:0x4
load:0x403c8704,len:0xcb8
load:0x403cb700,len:0x2db0
entry 0x403c8914
[0;32mI (33) boot: ESP-IDF v5.3 2nd stage bootloader[0m
[0;32mI (33) boot: compile time Aug 28 2024 12:22:19[0m
[0;32mI (33) boot: Multicore bootloader[0m
[0;32mI (36) boot: chip revision: v0.1[0m
[0;32mI (40) boot.esp32s3: Boot SPI Speed : 80MHz[0m
[0;32mI (45) boot.esp32s3: SPI Mode       : SLOW READ[0m
[0;32mI (50) boot.esp32s3: SPI Flash Size : 32MB[0m
[0;32mI (55) boot: Enabling RNG early entropy source...[0m
[0;32mI (60) boot: Partition Table:[0m
[0;32mI (64) boot: ## Label            Usage          Type ST Offset   Length[0m
[0;32mI (71) boot:  0 nvs              WiFi data        01 02 00009000 00006000[0m
[0;32mI (79) boot:  1 phy_init         RF data          01 01 0000f000 00001000[0m
[0;32mI (86) boot:  2 factory          factory app      00 00 00010000 00200000[0m
[0;32mI (93) boot:  3 littlefs         Unknown data     01 83 00210000 00800000[0m
[0;32mI (101) boot: End of partition table[0m
[0;32mI (105) esp_image: segment 0: paddr=00010020 vaddr=3c090020 size=2c2b8h (180920) map[0m
[0;32mI (157) esp_image: segment 1: paddr=0003c2e0 vaddr=3fc96200 size=02cech ( 11500) load[0m
[0;32mI (160) esp_image: segment 2: paddr=0003efd4 vaddr=40374000 size=01044h (  4164) load[0m
[0;32mI (164) esp_image: segment 3: paddr=00040020 vaddr=42000020 size=8ef98h (585624) map[0m
[0;32mI (310) esp_image: segment 4: paddr=000cefc0 vaddr=40375044 size=11164h ( 69988) load[0m
[0;32mI (330) esp_image: segment 5: paddr=000e012c vaddr=50000000 size=00018h (    24) load[0m
[0;32mI (330) esp_image: segment 6: paddr=000e014c vaddr=600fe000 size=00100h (   256) load[0m
[0;32mI (335) esp_image: segment 7: paddr=000e0254 vaddr=600fe100 size=00008h (     8) load[0m
[0;32mI (351) boot: Loaded app from partition at offset 0x10000[0m
[0;32mI (351) boot: Disabling RNG early entropy source...[0m
[0;32mI (367) cpu_start: Multicore app[0m
[0;32mI (377) cpu_start: Pro cpu start user code[0m
[0;32mI (377) cpu_start: cpu freq: 160000000 Hz[0m
[0;32mI (377) app_init: Application information:[0m
[0;32mI (380) app_init: Project name:     modem-console[0m
[0;32mI (385) app_init: App version:      6f47db3-dirty[0m
[0;32mI (391) app_init: Compile time:     Aug 31 2024 07:43:12[0m
[0;32mI (397) app_init: ELF file SHA256:  f30852bd76ffa309...[0m
[0;32mI (402) app_init: ESP-IDF:          v5.3[0m
[0;32mI (407) efuse_init: Min chip rev:     v0.0[0m
[0;32mI (412) efuse_init: Max chip rev:     v0.99 [0m
[0;32mI (417) efuse_init: Chip rev:         v0.1[0m
[0;32mI (422) heap_init: Initializing. RAM available for dynamic allocation:[0m
[0;32mI (429) heap_init: At 3FC9A9F0 len 0004ED20 (315 KiB): RAM[0m
[0;32mI (435) heap_init: At 3FCE9710 len 00005724 (21 KiB): RAM[0m
[0;32mI (441) heap_init: At 3FCF0000 len 00008000 (32 KiB): DRAM[0m
[0;32mI (447) heap_init: At 600FE108 len 00001EE0 (7 KiB): RTCRAM[0m
[0;33mW (454) spi_flash: Octal flash chip is using but dio mode is selected, will automatically swich to Octal mode[0m
[0;32mI (464) spi_flash: detected chip: mxic (opi)[0m
[0;32mI (469) spi_flash: flash io: opi_str[0m
[0;32mI (473) sleep: Configure to isolate all GPIO pins in sleep state[0m
[0;32mI (480) sleep: Enable automatic switching of GPIO sleep configuration[0m
[0;32mI (487) main_task: Started on CPU0[0m
[0;32mI (507) main_task: Calling app_main()[0m
[0;32mI (507) gpio: GPIO[18]| InputEn: 0| OutputEn: 1| OpenDrain: 0| Pullup: 0| Pulldown: 0| Intr:0 [0m
[0;32mI (517) modem_console: LittleFS initialized successfully[0m
[0;32mI (527) modem_console: File written with content: Hello world, this is littlefs[0m
|-- hello.txt
|-- mydir/
[0;31mE (537) modem_console: Failed to create directory /littlefs/mydir[0m
[0;32mI (537) modem_console: Found hello.txt[0m
[0;32mI (537) modem_console: Found mydir[0m
[0;32mI (537) modem_console: Initializing esp_modem for the BG96 module...[0m
[0;32mI (547) modem_console: Waiting for USB device connection...[0m
[0;31mE (897) HUB: Bad transfer status 1: CHECK_SHORT_DEV_DESC[0m
[0;31mE (897) HUB: Stage failed: CHECK_SHORT_DEV_DESC[0m
[0;31mE (14527) HUB: Root port reset failed[0m
[5n
assert failed: void ConsoleCommand::RegisterCommand(const char*, const char*, const std::vector<CommandArgs>&) console_helper.cpp:34 (last_command <= MAX_REPEAT_NR)


Backtrace: 0x40375dda:0x3fc9dc00 0x4037cc1d:0x3fc9dc20 0x403841d9:0x3fc9dc40 0x420104d1:0x3fc9dd60 0x4200f160:0x3fc9ddb0 0x4200fdb9:0x3fc9dde0 0x4208e097:0x3fc9e3c0 0x4037d76d:0x3fc9e3f0




ELF file SHA256: f30852bd76ffa309

Rebooting...
ESP-ROM:esp32s3-20210327
Build:Mar 27 2021
rst:0xc (RTC_SW_CPU_RST),boot:0x8 (SPI_FAST_FLASH_BOOT)
Saved PC:0x40375d14
SPIWP:0xee
Octal Flash Mode Enabled
For OPI Flash, Use Default Flash Boot Mode
mode:SLOW_RD, clock div:1
load:0x3fce2810,len:0x178c
load:0x403c8700,len:0x4
load:0x403c8704,len:0xcb8
load:0x403cb700,len:0x2db0
entry 0x403c8914
[0;32mI (37) boot: ESP-IDF v5.3 2nd stage bootloader[0m
[0;32mI (38) boot: compile time Aug 28 2024 12:22:19[0m
[0;32mI (38) boot: Multicore bootloader[0m
[0;32mI (41) boot: chip revision: v0.1[0m
[0;32mI (44) boot.esp32s3: Boot SPI Speed : 80MHz[0m
[0;32mI (49) boot.esp32s3: SPI Mode       : SLOW READ[0m
[0;32mI (54) boot.esp32s3: SPI Flash Size : 32MB[0m
[0;32mI (59) boot: Enabling RNG early entropy source...[0m
[0;32mI (65) boot: Partition Table:[0m
[0;32mI (68) boot: ## Label            Usage          Type ST Offset   Length[0m
[0;32mI (75) boot:  0 nvs              WiFi data        01 02 00009000 00006000[0m
[0;32mI (83) boot:  1 phy_init         RF data          01 01 0000f000 00001000[0m
[0;32mI (90) boot:  2 factory          factory app      00 00 00010000 00200000[0m
[0;32mI (98) boot:  3 littlefs         Unknown data     01 83 00210000 00800000[0m
[0;32mI (105) boot: End of partition table[0m
[0;32mI (110) esp_image: segment 0: paddr=00010020 vaddr=3c090020 size=2c2b8h (180920) map[0m
[0;32mI (161) esp_image: segment 1: paddr=0003c2e0 vaddr=3fc96200 size=02cech ( 11500) load[0m
[0;32mI (164) esp_image: segment 2: paddr=0003efd4 vaddr=40374000 size=01044h (  4164) load[0m
[0;32mI (168) esp_image: segment 3: paddr=00040020 vaddr=42000020 size=8ef98h (585624) map[0m
[0;32mI (314) esp_image: segment 4: paddr=000cefc0 vaddr=40375044 size=11164h ( 69988) load[0m
[0;32mI (334) esp_image: segment 5: paddr=000e012c vaddr=50000000 size=00018h (    24) load[0m
[0;32mI (334) esp_image: segment 6: paddr=000e014c vaddr=600fe000 size=00100h (   256) load[0m
[0;32mI (340) esp_image: segment 7: paddr=000e0254 vaddr=600fe100 size=00008h (     8) load[0m
[0;32mI (356) boot: Loaded app from partition at offset 0x10000[0m
[0;32mI (356) boot: Disabling RNG early entropy source...[0m
[0;32mI (371) cpu_start: Multicore app[0m
[0;32mI (381) cpu_start: Pro cpu start user code[0m
[0;32mI (381) cpu_start: cpu freq: 160000000 Hz[0m
[0;32mI (381) app_init: Application information:[0m
[0;32mI (384) app_init: Project name:     modem-console[0m
[0;32mI (390) app_init: App version:      6f47db3-dirty[0m
[0;32mI (395) app_init: Compile time:     Aug 31 2024 07:43:12[0m
[0;32mI (401) app_init: ELF file SHA256:  f30852bd76ffa309...[0m
[0;32mI (407) app_init: ESP-IDF:          v5.3[0m
[0;32mI (411) efuse_init: Min chip rev:     v0.0[0m
[0;32mI (416) efuse_init: Max chip rev:     v0.99 [0m
[0;32mI (421) efuse_init: Chip rev:         v0.1[0m
[0;32mI (426) heap_init: Initializing. RAM available for dynamic allocation:[0m
[0;32mI (433) heap_init: At 3FC9A9F0 len 0004ED20 (315 KiB): RAM[0m
[0;32mI (439) heap_init: At 3FCE9710 len 00005724 (21 KiB): RAM[0m
[0;32mI (445) heap_init: At 3FCF0000 len 00008000 (32 KiB): DRAM[0m
[0;32mI (452) heap_init: At 600FE108 len 00001EE0 (7 KiB): RTCRAM[0m
[0;33mW (458) spi_flash: Octal flash chip is using but dio mode is selected, will automatically swich to Octal mode[0m
[0;32mI (469) spi_flash: detected chip: mxic (opi)[0m
[0;32mI (473) spi_flash: flash io: opi_str[0m
[0;32mI (478) sleep: Configure to isolate all GPIO pins in sleep state[0m
[0;32mI (485) sleep: Enable automatic switching of GPIO sleep configuration[0m
[0;32mI (492) main_task: Started on CPU0[0m
[0;32mI (512) main_task: Calling app_main()[0m
[0;32mI (512) gpio: GPIO[18]| InputEn: 0| OutputEn: 1| OpenDrain: 0| Pullup: 0| Pulldown: 0| Intr:0 [0m
[0;32mI (522) modem_console: LittleFS initialized successfully[0m
[0;32mI (532) modem_console: File written with content: Hello world, this is littlefs[0m
|-- hello.txt
|-- mydir/
[0;31mE (542) modem_console: Failed to create directory /littlefs/mydir[0m
[0;32mI (542) modem_console: Found hello.txt[0m
[0;32mI (542) modem_console: Found mydir[0m
[0;32mI (542) modem_console: Initializing esp_modem for the BG96 module...[0m
[0;32mI (552) modem_console: Waiting for USB device connection...[0m
[5n
assert failed: void ConsoleCommand::RegisterCommand(const char*, const char*, const std::vector<CommandArgs>&) console_helper.cpp:34 (last_command <= MAX_REPEAT_NR)


Backtrace: 0x40375dda:0x3fc9dc00 0x4037cc1d:0x3fc9dc20 0x403841d9:0x3fc9dc40 0x420104d1:0x3fc9dd60 0x4200f160:0x3fc9ddb0 0x4200fdb9:0x3fc9dde0 0x4208e097:0x3fc9e3c0 0x4037d76d:0x3fc9e3f0




ELF file SHA256: f30852bd76ffa309

Rebooting...
 ï¿½ESP-ROM:esp32s3-20210327
Build:Mar 27 2021
rst:0xc (RTC_SW_CPU_RST),boot:0x8 (SPI_FAST_FLASH_BOOT)
Saved PC:0x40375d14
SPIWP:0xee
Octal Flash Mode Enabled
For OPI Flash, Use Default Flash Boot Mode
mode:SLOW_RD, clock div:1
load:0x3fce2810,len:0x178c
load:0x403c8700,len:0x4
load:0x403c8704,len:0xcb8
load:0x403cb700,len:0x2db0
entry 0x403c8914
[0;32mI (37) boot: ESP-IDF v5.3 2nd stage bootloader[0m
[0;32mI (38) boot: compile time Aug 28 2024 12:22:19[0m
[0;32mI (38) boot: Multicore bootloader[0m
[0;32mI (41) boot: chip revision: v0.1[0m
[0;32mI (44) boot.esp32s3: Boot SPI Speed : 80MHz[0m
[0;32mI (49) boot.esp32s3: SPI Mode       : SLOW READ[0m
[0;32mI (54) boot.esp32s3: SPI Flash Size : 32MB[0m
[0;32mI (59) boot: Enabling RNG early entropy source...[0m
[0;32mI (65) boot: Partition Table:[0m
[0;32mI (68) boot: ## Label            Usage          Type ST Offset   Length[0m
[0;32mI (75) boot:  0 nvs              WiFi data        01 02 00009000 00006000[0m
[0;32mI (83) boot:  1 phy_init         RF data          01 01 0000f000 00001000[0m
[0;32mI (90) boot:  2 factory          factory app      00 00 00010000 00200000[0m
[0;32mI (98) boot:  3 littlefs         Unknown data     01 83 00210000 00800000[0m
[0;32mI (105) boot: End of partition table[0m
[0;32mI (110) esp_image: segment 0: paddr=00010020 vaddr=3c090020 size=2c2b8h (180920) map[0m
[0;32mI (161) esp_image: segment 1: paddr=0003c2e0 vaddr=3fc96200 size=02cech ( 11500) load[0m
[0;32mI (164) esp_image: segment 2: paddr=0003efd4 vaddr=40374000 size=01044h (  4164) load[0m
[0;32mI (168) esp_image: segment 3: paddr=00040020 vaddr=42000020 size=8ef98h (585624) map[0m
[0;32mI (314) esp_image: segment 4: paddr=000cefc0 vaddr=40375044 size=11164h ( 69988) load[0m
[0;32mI (334) esp_image: segment 5: paddr=000e012c vaddr=50000000 size=00018h (    24) load[0m
[0;32mI (334) esp_image: segment 6: paddr=000e014c vaddr=600fe000 size=00100h (   256) load[0m
[0;32mI (340) esp_image: segment 7: paddr=000e0254 vaddr=600fe100 size=00008h (     8) load[0m
[0;32mI (356) boot: Loaded app from partition at offset 0x10000[0m
[0;32mI (356) boot: Disabling RNG early entropy source...[0m
[0;32mI (371) cpu_start: Multicore app[0m
[0;32mI (381) cpu_start: Pro cpu start user code[0m
[0;32mI (381) cpu_start: cpu freq: 160000000 Hz[0m
[0;32mI (381) app_init: Application information:[0m
[0;32mI (384) app_init: Project name:     modem-console[0m
[0;32mI (390) app_init: App version:      6f47db3-dirty[0m
[0;32mI (395) app_init: Compile time:     Aug 31 2024 07:43:12[0m
[0;32mI (401) app_init: ELF file SHA256:  f30852bd76ffa309...[0m
[0;32mI (407) app_init: ESP-IDF:          v5.3[0m
[0;32mI (411) efuse_init: Min chip rev:     v0.0[0m
[0;32mI (416) efuse_init: Max chip rev:     v0.99 [0m
[0;32mI (421) efuse_init: Chip rev:         v0.1[0m
[0;32mI (426) heap_init: Initializing. RAM available for dynamic allocation:[0m
[0;32mI (433) heap_init: At 3FC9A9F0 len 0004ED20 (315 KiB): RAM[0m
[0;32mI (439) heap_init: At 3FCE9710 len 00005724 (21 KiB): RAM[0m
[0;32mI (445) heap_init: At 3FCF0000 len 00008000 (32 KiB): DRAM[0m
[0;32mI (452) heap_init: At 600FE108 len 00001EE0 (7 KiB): RTCRAM[0m
[0;33mW (458) spi_flash: Octal flash chip is using but dio mode is selected, will automatically swich to Octal mode[0m
[0;32mI (469) spi_flash: detected chip: mxic (opi)[0m
[0;32mI (473) spi_flash: flash io: opi_str[0m
[0;32mI (478) sleep: Configure to isolate all GPIO pins in sleep state[0m
[0;32mI (485) sleep: Enable automatic switching of GPIO sleep configuration[0m
[0;32mI (492) main_task: Started on CPU0[0m
[0;32mI (512) main_task: Calling app_main()[0m
[0;32mI (512) gpio: GPIO[18]| InputEn: 0| OutputEn: 1| OpenDrain: 0| Pullup: 0| Pulldown: 0| Intr:0 [0m
[0;32mI (522) modem_console: LittleFS initialized successfully[0m
[0;32mI (532) modem_console: File written with content: Hello world, this is littlefs[0m
|-- hello.txt
|-- mydir/
[0;31mE (542) modem_console: Failed to create directory /littlefs/mydir[0m
[0;32mI (542) modem_console: Found hello.txt[0m
[0;32mI (552) modem_console: Found mydir[0m
[0;32mI (552) modem_console: Initializing esp_modem for the BG96 module...[0m
[0;32mI (552) modem_console: Waiting for USB device connection...[0m
[5n
assert failed: void ConsoleCommand::RegisterCommand(const char*, const char*, const std::vector<CommandArgs>&) console_helper.cpp:34 (last_command <= MAX_REPEAT_NR)


Backtrace: 0x40375dda:0x3fc9dc00 0x4037cc1d:0x3fc9dc20 0x403841d9:0x3fc9dc40 0x420104d1:0x3fc9dd60 0x4200f160:0x3fc9ddb0 0x4200fdb9:0x3fc9dde0 0x4208e097:0x3fc9e3c0 0x4037d76d:0x3fc9e3f0




ELF file SHA256: f30852bd76ffa309

Rebooting...
 ï¿½ESP-ROM:esp32s3-20210327
Build:Mar 27 2021
rst:0xc (RTC_SW_CPU_RST),boot:0x8 (SPI_FAST_FLASH_BOOT)
Saved PC:0x40375d14
SPIWP:0xee
Octal Flash Mode Enabled
For OPI Flash, Use Default Flash Boot Mode
mode:SLOW_RD, clock div:1
load:0x3fce2810,len:0x178c
load:0x403c8700,len:0x4
load:0x403c8704,len:0xcb8
load:0x403cb700,len:0x2db0
entry 0x403c8914
[0;32mI (37) boot: ESP-IDF v5.3 2nd stage bootloader[0m
[0;32mI (38) boot: compile time Aug 28 2024 12:22:19[0m
[0;32mI (38) boot: Multicore bootloader[0m
[0;32mI (41) boot: chip revision: v0.1[0m
[0;32mI (44) boot.esp32s3: Boot SPI Speed : 80MHz[0m
[0;32mI (49) boot.esp32s3: SPI Mode       : SLOW READ[0m
[0;32mI (54) boot.esp32s3: SPI Flash Size : 32MB[0m
[0;32mI (59) boot: Enabling RNG early entropy source...[0m
[0;32mI (65) boot: Partition Table:[0m
[0;32mI (68) boot: ## Label            Usage          Type ST Offset   Length[0m
[0;32mI (75) boot:  0 nvs              WiFi data        01 02 00009000 00006000[0m
[0;32mI (83) boot:  1 phy_init         RF data          01 01 0000f000 00001000[0m
[0;32mI (90) boot:  2 factory          factory app      00 00 00010000 00200000[0m
[0;32mI (98) boot:  3 littlefs         Unknown data     01 83 00210000 00800000[0m
[0;32mI (105) boot: End of partition table[0m
[0;32mI (110) esp_image: segment 0: paddr=00010020 vaddr=3c090020 size=2c2b8h (180920) map[0m
[0;32mI (161) esp_image: segment 1: paddr=0003c2e0 vaddr=3fc96200 size=02cech ( 11500) load[0m
[0;32mI (164) esp_image: segment 2: paddr=0003efd4 vaddr=40374000 size=01044h (  4164) load[0m
[0;32mI (168) esp_image: segment 3: paddr=00040020 vaddr=42000020 size=8ef98h (585624) map[0m
[0;32mI (314) esp_image: segment 4: paddr=000cefc0 vaddr=40375044 size=11164h ( 69988) load[0m
[0;32mI (334) esp_image: segment 5: paddr=000e012c vaddr=50000000 size=00018h (    24) load[0m
[0;32mI (334) esp_image: segment 6: paddr=000e014c vaddr=600fe000 size=00100h (   256) load[0m
[0;32mI (340) esp_image: segment 7: paddr=000e0254 vaddr=600fe100 size=00008h (     8) load[0m
[0;32mI (356) boot: Loaded app from partition at offset 0x10000[0m
[0;32mI (356) boot: Disabling RNG early entropy source...[0m
[0;32mI (371) cpu_start: Multicore app[0m
[0;32mI (381) cpu_start: Pro cpu start user code[0m
[0;32mI (381) cpu_start: cpu freq: 160000000 Hz[0m
[0;32mI (381) app_init: Application information:[0m
[0;32mI (384) app_init: Project name:     modem-console[0m
[0;32mI (390) app_init: App version:      6f47db3-dirty[0m
[0;32mI (395) app_init: Compile time:     Aug 31 2024 07:43:12[0m
[0;32mI (401) app_init: ELF file SHA256:  f30852bd76ffa309...[0m
[0;32mI (407) app_init: ESP-IDF:          v5.3[0m
[0;32mI (411) efuse_init: Min chip rev:     v0.0[0m
[0;32mI (416) efuse_init: Max chip rev:     v0.99 [0m
[0;32mI (421) efuse_init: Chip rev:         v0.1[0m
[0;32mI (426) heap_init: Initializing. RAM available for dynamic allocation:[0m
[0;32mI (433) heap_init: At 3FC9A9F0 len 0004ED20 (315 KiB): RAM[0m
[0;32mI (439) heap_init: At 3FCE9710 len 00005724 (21 KiB): RAM[0m
[0;32mI (445) heap_init: At 3FCF0000 len 00008000 (32 KiB): DRAM[0m
[0;32mI (452) heap_init: At 600FE108 len 00001EE0 (7 KiB): RTCRAM[0m
[0;33mW (458) spi_flash: Octal flash chip is using but dio mode is selected, will automatically swich to Octal mode[0m
[0;32mI (469) spi_flash: detected chip: mxic (opi)[0m
[0;32mI (473) spi_flash: flash io: opi_str[0m
[0;32mI (478) sleep: Configure to isolate all GPIO pins in sleep state[0m
[0;32mI (485) sleep: Enable automatic switching of GPIO sleep configuration[0m
[0;32mI (492) main_task: Started on CPU0[0m
[0;32mI (512) main_task: Calling app_main()[0m
[0;32mI (512) gpio: GPIO[18]| InputEn: 0| OutputEn: 1| OpenDrain: 0| Pullup: 0| Pulldown: 0| Intr:0 [0m
[0;32mI (522) modem_console: LittleFS initialized successfully[0m
[0;32mI (542) modem_console: File written with content: Hello world, this is littlefs[0m
|-- hello.txt
|-- mydir/
[0;31mE (552) modem_console: Failed to create directory /littlefs/mydir[0m
[0;32mI (562) modem_console: Found hello.txt[0m
[0;32mI (562) modem_console: Found mydir[0m
[0;32mI (562) modem_console: Initializing esp_modem for the BG96 module...[0m
[0;32mI (562) modem_console: Waiting for USB device connection...[0m
[5n
assert failed: void ConsoleCommand::RegisterCommand(const char*, const char*, const std::vector<CommandArgs>&) console_helper.cpp:34 (last_command <= MAX_REPEAT_NR)


Backtrace: 0x40375dda:0x3fc9dc00 0x4037cc1d:0x3fc9dc20 0x403841d9:0x3fc9dc40 0x420104d1:0x3fc9dd60 0x4200f160:0x3fc9ddb0 0x4200fdb9:0x3fc9dde0 0x4208e097:0x3fc9e3c0 0x4037d76d:0x3fc9e3f0




ELF file SHA256: f30852bd76ffa309

Rebooting...
 ï¿½ESP-ROM:esp32s3-20210327
Build:Mar 27 2021
rst:0xc (RTC_SW_CPU_RST),boot:0x8 (SPI_FAST_FLASH_BOOT)
Saved PC:0x40375d14
SPIWP:0xee
Octal Flash Mode Enabled
For OPI Flash, Use Default Flash Boot Mode
mode:SLOW_RD, clock div:1
load:0x3fce2810,len:0x178c
load:0x403c8700,len:0x4
load:0x403c8704,len:0xcb8
load:0x403cb700,len:0x2db0
entry 0x403c8914
[0;32mI (37) boot: ESP-IDF v5.3 2nd stage bootloader[0m
[0;32mI (38) boot: compile time Aug 28 2024 12:22:19[0m
[0;32mI (38) boot: Multicore bootloader[0m
[0;32mI (41) boot: chip revision: v0.1[0m
[0;32mI (44) boot.esp32s3: Boot SPI Speed : 80MHz[0m
[0;32mI (49) boot.esp32s3: SPI Mode       : SLOW READ[0m
[0;32mI (54) boot.esp32s3: SPI Flash Size : 32MB[0m
[0;32mI (59) boot: Enabling RNG early entropy source...[0m
[0;32mI (65) boot: Partition Table:[0m
[0;32mI (68) boot: ## Label            Usage          Type ST Offset   Length[0m
[0;32mI (75) boot:  0 nvs              WiFi data        01 02 00009000 00006000[0m
[0;32mI (83) boot:  1 phy_init         RF data          01 01 0000f000 00001000[0m
[0;32mI (90) boot:  2 factory          factory app      00 00 00010000 00200000[0m
[0;32mI (98) boot:  3 littlefs         Unknown data     01 83 00210000 00800000[0m
[0;32mI (105) boot: End of partition table[0m
[0;32mI (110) esp_image: segment 0: paddr=00010020 vaddr=3c090020 size=2c2b8h (180920) map[0m
[0;32mI (161) esp_image: segment 1: paddr=0003c2e0 vaddr=3fc96200 size=02cech ( 11500) load[0m
[0;32mI (164) esp_image: segment 2: paddr=0003efd4 vaddr=40374000 size=01044h (  4164) load[0m
[0;32mI (168) esp_image: segment 3: paddr=00040020 vaddr=42000020 size=8ef98h (585624) map[0m
[0;32mI (314) esp_image: segment 4: paddr=000cefc0 vaddr=40375044 size=11164h ( 69988) load[0m
[0;32mI (334) esp_image: segment 5: paddr=000e012c vaddr=50000000 size=00018h (    24) load[0m
[0;32mI (334) esp_image: segment 6: paddr=000e014c vaddr=600fe000 size=00100h (   256) load[0m
[0;32mI (340) esp_image: segment 7: paddr=000e0254 vaddr=600fe100 size=00008h (     8) load[0m
[0;32mI (356) boot: Loaded app from partition at offset 0x10000[0m
[0;32mI (356) boot: Disabling RNG early entropy source...[0m
[0;32mI (371) cpu_start: Multicore app[0m
[0;32mI (381) cpu_start: Pro cpu start user code[0m
[0;32mI (381) cpu_start: cpu freq: 160000000 Hz[0m
[0;32mI (381) app_init: Application information:[0m
[0;32mI (384) app_init: Project name:     modem-console[0m
[0;32mI (390) app_init: App version:      6f47db3-dirty[0m
[0;32mI (395) app_init: Compile time:     Aug 31 2024 07:43:12[0m
[0;32mI (401) app_init: ELF file SHA256:  f30852bd76ffa309...[0m
[0;32mI (407) app_init: ESP-IDF:          v5.3[0m
[0;32mI (411) efuse_init: Min chip rev:     v0.0[0m
[0;32mI (416) efuse_init: Max chip rev:     v0.99 [0m
[0;32mI (421) efuse_init: Chip rev:         v0.1[0m
[0;32mI (426) heap_init: Initializing. RAM available for dynamic allocation:[0m
[0;32mI (433) heap_init: At 3FC9A9F0 len 0004ED20 (315 KiB): RAM[0m
[0;32mI (439) heap_init: At 3FCE9710 len 00005724 (21 KiB): RAM[0m
[0;32mI (445) heap_init: At 3FCF0000 len 00008000 (32 KiB): DRAM[0m
[0;32mI (452) heap_init: At 600FE108 len 00001EE0 (7 KiB): RTCRAM[0m
[0;33mW (458) spi_flash: Octal flash chip is using but dio mode is selected, will automatically swich to Octal mode[0m
[0;32mI (469) spi_flash: detected chip: mxic (opi)[0m
[0;32mI (473) spi_flash: flash io: opi_str[0m
[0;32mI (478) sleep: Configure to isolate all GPIO pins in sleep state[0m
[0;32mI (485) sleep: Enable automatic switching of GPIO sleep configuration[0m
[0;32mI (492) main_task: Started on CPU0[0m
[0;32mI (512) main_task: Calling app_main()[0m
[0;32mI (512) gpio: GPIO[18]| InputEn: 0| OutputEn: 1| OpenDrain: 0| Pullup: 0| Pulldown: 0| Intr:0 [0m
[0;32mI (522) modem_console: LittleFS initialized successfully[0m
[0;32mI (542) modem_console: File written with content: Hello world, this is littlefs[0m
|-- hello.txt
|-- mydir/
[0;31mE (562) modem_console: Failed to create directory /littlefs/mydir[0m
[0;32mI (562) modem_console: Found hello.txt[0m
[0;32mI (562) modem_console: Found mydir[0m
[0;32mI (562) modem_console: Initializing esp_modem for the BG96 module...[0m
[0;32mI (572) modem_console: Waiting for USB device connection...[0m
[5n
assert failed: void ConsoleCommand::RegisterCommand(const char*, const char*, const std::vector<CommandArgs>&) console_helper.cpp:34 (last_command <= MAX_REPEAT_NR)


Backtrace: 0x40375dda:0x3fc9dc00 0x4037cc1d:0x3fc9dc20 0x403841d9:0x3fc9dc40 0x420104d1:0x3fc9dd60 0x4200f160:0x3fc9ddb0 0x4200fdb9:0x3fc9dde0 0x4208e097:0x3fc9e3c0 0x4037d76d:0x3fc9e3f0




ELF file SHA256: f30852bd76ffa309

Rebooting...
 ï¿½ESP-ROM:esp32s3-20210327
Build:Mar 27 2021
rst:0xc (RTC_SW_CPU_RST),boot:0x8 (SPI_FAST_FLASH_BOOT)
Saved PC:0x40375d14
SPIWP:0xee
Octal Flash Mode Enabled
For OPI Flash, Use Default Flash Boot Mode
mode:SLOW_RD, clock div:1
load:0x3fce2810,len:0x178c
load:0x403c8700,len:0x4
load:0x403c8704,len:0xcb8
load:0x403cb700,len:0x2db0
entry 0x403c8914
[0;32mI (37) boot: ESP-IDF v5.3 2nd stage bootloader[0m
[0;32mI (38) boot: compile time Aug 28 2024 12:22:19[0m
[0;32mI (38) boot: Multicore bootloader[0m
[0;32mI (41) boot: chip revision: v0.1[0m
[0;32mI (44) boot.esp32s3: Boot SPI Speed : 80MHz[0m
[0;32mI (49) boot.esp32s3: SPI Mode       : SLOW READ[0m
[0;32mI (54) boot.esp32s3: SPI Flash Size : 32MB[0m
[0;32mI (59) boot: Enabling RNG early entropy source...[0m
[0;32mI (65) boot: Partition Table:[0m
[0;32mI (68) boot: ## Label            Usage          Type ST Offset   Length[0m
[0;32mI (75) boot:  0 nvs              WiFi data        01 02 00009000 00006000[0m
[0;32mI (83) boot:  1 phy_init         RF data          01 01 0000f000 00001000[0m
[0;32mI (90) boot:  2 factory          factory app      00 00 00010000 00200000[0m
[0;32mI (98) boot:  3 littlefs         Unknown data     01 83 00210000 00800000[0m
[0;32mI (105) boot: End of partition table[0m
[0;32mI (110) esp_image: segment 0: paddr=00010020 vaddr=3c090020 size=2c2b8h (180920) map[0m
[0;32mI (161) esp_image: segment 1: paddr=0003c2e0 vaddr=3fc96200 size=02cech ( 11500) load[0m
[0;32mI (164) esp_image: segment 2: paddr=0003efd4 vaddr=40374000 size=01044h (  4164) load[0m
[0;32mI (168) esp_image: segment 3: paddr=00040020 vaddr=42000020 size=8ef98h (585624) map[0m
[0;32mI (314) esp_image: segment 4: paddr=000cefc0 vaddr=40375044 size=11164h ( 69988) load[0m
[0;32mI (334) esp_image: segment 5: paddr=000e012c vaddr=50000000 size=00018h (    24) load[0m
[0;32mI (334) esp_image: segment 6: paddr=000e014c vaddr=600fe000 size=00100h (   256) load[0m
[0;32mI (340) esp_image: segment 7: paddr=000e0254 vaddr=600fe100 size=00008h (     8) load[0m
[0;32mI (356) boot: Loaded app from partition at offset 0x10000[0m
[0;32mI (356) boot: Disabling RNG early entropy source...[0m
[0;32mI (371) cpu_start: Multicore app[0m
[0;32mI (381) cpu_start: Pro cpu start user code[0m
[0;32mI (381) cpu_start: cpu freq: 160000000 Hz[0m
[0;32mI (381) app_init: Application information:[0m
[0;32mI (384) app_init: Project name:     modem-console[0m
[0;32mI (390) app_init: App version:      6f47db3-dirty[0m
[0;32mI (395) app_init: Compile time:     Aug 31 2024 07:43:12[0m
[0;32mI (401) app_init: ELF file SHA256:  f30852bd76ffa309...[0m
[0;32mI (407) app_init: ESP-IDF:          v5.3[0m
[0;32mI (411) efuse_init: Min chip rev:     v0.0[0m
[0;32mI (416) efuse_init: Max chip rev:     v0.99 [0m
[0;32mI (421) efuse_init: Chip rev:         v0.1[0m
[0;32mI (426) heap_init: Initializing. RAM available for dynamic allocation:[0m
[0;32mI (433) heap_init: At 3FC9A9F0 len 0004ED20 (315 KiB): RAM[0m
[0;32mI (439) heap_init: At 3FCE9710 len 00005724 (21 KiB): RAM[0m
[0;32mI (445) heap_init: At 3FCF0000 len 00008000 (32 KiB): DRAM[0m
[0;32mI (452) heap_init: At 600FE108 len 00001EE0 (7 KiB): RTCRAM[0m
[0;33mW (458) spi_flash: Octal flash chip is using but dio mode is selected, will automatically swich to Octal mode[0m
[0;32mI (469) spi_flash: detected chip: mxic (opi)[0m
[0;32mI (473) spi_flash: flash io: opi_str[0m
[0;32mI (478) sleep: Configure to isolate all GPIO pins in sleep state[0m
[0;32mI (485) sleep: Enable automatic switching of GPIO sleep configuration[0m
[0;32mI (492) main_task: Started on CPU0[0m
[0;32mI (512) main_task: Calling app_main()[0m
[0;32mI (512) gpio: GPIO[18]| InputEn: 0| OutputEn: 1| OpenDrain: 0| Pullup: 0| Pulldown: 0| Intr:0 [0m
[0;32mI (532) modem_console: LittleFS initialized successfully[0m
[0;32mI (542) modem_console: File written with content: Hello world, this is littlefs[0m
|-- hello.txt
|-- mydir/
[0;31mE (562) modem_console: Failed to create directory /littlefs/mydir[0m
[0;32mI (562) modem_console: Found hello.txt[0m
[0;32mI (572) modem_console: Found mydir[0m
[0;32mI (572) modem_console: Initializing esp_modem for the BG96 module...[0m
[0;32mI (572) modem_console: Waiting for USB device connection...[0m
[5n
assert failed: void ConsoleCommand::RegisterCommand(const char*, const char*, const std::vector<CommandArgs>&) console_helper.cpp:34 (last_command <= MAX_REPEAT_NR)


Backtrace: 0x40375dda:0x3fc9dc00 0x4037cc1d:0x3fc9dc20 0x403841d9:0x3fc9dc40 0x420104d1:0x3fc9dd60 0x4200f160:0x3fc9ddb0 0x4200fdb9:0x3fc9dde0 0x4208e097:0x3fc9e3c0 0x4037d76d:0x3fc9e3f0




ELF file SHA256: f30852bd76ffa309

Rebooting...
 ï¿½ESP-ROM:esp32s3-20210327
Build:Mar 27 2021
rst:0xc (RTC_SW_CPU_RST),boot:0x8 (SPI_FAST_FLASH_BOOT)
Saved PC:0x40375d14
SPIWP:0xee
Octal Flash Mode Enabled
For OPI Flash, Use Default Flash Boot Mode
mode:SLOW_RD, clock div:1
load:0x3fce2810,len:0x178c
load:0x403c8700,len:0x4
load:0x403c8704,len:0xcb8
load:0x403cb700,len:0x2db0
entry 0x403c8914
[0;32mI (37) boot: ESP-IDF v5.3 2nd stage bootloader[0m
[0;32mI (38) boot: compile time Aug 28 2024 12:22:19[0m
[0;32mI (38) boot: Multicore bootloader[0m
[0;32mI (41) boot: chip revision: v0.1[0m
[0;32mI (44) boot.esp32s3: Boot SPI Speed : 80MHz[0m
[0;32mI (49) boot.esp32s3: SPI Mode       : SLOW READ[0m
[0;32mI (54) boot.esp32s3: SPI Flash Size : 32MB[0m
[0;32mI (59) boot: Enabling RNG early entropy source...[0m
[0;32mI (65) boot: Partition Table:[0m
[0;32mI (68) boot: ## Label            Usage          Type ST Offset   Length[0m
[0;32mI (75) boot:  0 nvs              WiFi data        01 02 00009000 00006000[0m
[0;32mI (83) boot:  1 phy_init         RF data          01 01 0000f000 00001000[0m
[0;32mI (90) boot:  2 factory          factory app      00 00 00010000 00200000[0m
[0;32mI (98) boot:  3 littlefs         Unknown data     01 83 00210000 00800000[0m
[0;32mI (105) boot: End of partition table[0m
[0;32mI (110) esp_image: segment 0: paddr=00010020 vaddr=3c090020 size=2c2b8h (180920) map[0m
[0;32mI (161) esp_image: segment 1: paddr=0003c2e0 vaddr=3fc96200 size=02cech ( 11500) load[0m
[0;32mI (164) esp_image: segment 2: paddr=0003efd4 vaddr=40374000 size=01044h (  4164) load[0m
[0;32mI (168) esp_image: segment 3: paddr=00040020 vaddr=42000020 size=8ef98h (585624) map[0m
[0;32mI (314) esp_image: segment 4: paddr=000cefc0 vaddr=40375044 size=11164h ( 69988) load[0m
[0;32mI (334) esp_image: segment 5: paddr=000e012c vaddr=50000000 size=00018h (    24) load[0m
[0;32mI (334) esp_image: segment 6: paddr=000e014c vaddr=600fe000 size=00100h (   256) load[0m
[0;32mI (340) esp_image: segment 7: paddr=000e0254 vaddr=600fe100 size=00008h (     8) load[0m
[0;32mI (356) boot: Loaded app from partition at offset 0x10000[0m
[0;32mI (356) boot: Disabling RNG early entropy source...[0m
[0;32mI (371) cpu_start: Multicore app[0m
[0;32mI (381) cpu_start: Pro cpu start user code[0m
[0;32mI (381) cpu_start: cpu freq: 160000000 Hz[0m
[0;32mI (381) app_init: Application information:[0m
[0;32mI (384) app_init: Project name:     modem-console[0m
[0;32mI (390) app_init: App version:      6f47db3-dirty[0m
[0;32mI (395) app_init: Compile time:     Aug 31 2024 07:43:12[0m
[0;32mI (401) app_init: ELF file SHA256:  f30852bd76ffa309...[0m
[0;32mI (407) app_init: ESP-IDF:          v5.3[0m
[0;32mI (411) efuse_init: Min chip rev:     v0.0[0m
[0;32mI (416) efuse_init: Max chip rev:     v0.99 [0m
[0;32mI (421) efuse_init: Chip rev:         v0.1[0m
[0;32mI (426) heap_init: Initializing. RAM available for dynamic allocation:[0m
[0;32mI (433) heap_init: At 3FC9A9F0 len 0004ED20 (315 KiB): RAM[0m
[0;32mI (439) heap_init: At 3FCE9710 len 00005724 (21 KiB): RAM[0m
[0;32mI (445) heap_init: At 3FCF0000 len 00008000 (32 KiB): DRAM[0m
[0;32mI (452) heap_init: At 600FE108 len 00001EE0 (7 KiB): RTCRAM[0m
[0;33mW (458) spi_flash: Octal flash chip is using but dio mode is selected, will automatically swich to Octal mode[0m
[0;32mI (469) spi_flash: detected chip: mxic (opi)[0m
[0;32mI (473) spi_flash: flash io: opi_str[0m
[0;32mI (478) sleep: Configure to isolate all GPIO pins in sleep state[0m
[0;32mI (485) sleep: Enable automatic switching of GPIO sleep configuration[0m
[0;32mI (492) main_task: Started on CPU0[0m
[0;32mI (512) main_task: Calling app_main()[0m
[0;32mI (512) gpio: GPIO[18]| InputEn: 0| OutputEn: 1| OpenDrain: 0| Pullup: 0| Pulldown: 0| Intr:0 [0m
[0;32mI (532) modem_console: LittleFS initialized successfully[0m
[0;32mI (542) modem_console: File written with content: Hello world, this is littlefs[0m
|-- hello.txt
|-- mydir/
[0;31mE (562) modem_console: Failed to create directory /littlefs/mydir[0m
[0;32mI (572) modem_console: Found hello.txt[0m
[0;32mI (572) modem_console: Found mydir[0m
[0;32mI (572) modem_console: Initializing esp_modem for the BG96 module...[0m
[0;32mI (572) modem_console: Waiting for USB device connection...[0m
[5n
assert failed: void ConsoleCommand::RegisterCommand(const char*, const char*, const std::vector<CommandArgs>&) console_helper.cpp:34 (last_command <= MAX_REPEAT_NR)


Backtrace: 0x40375dda:0x3fc9dc00 0x4037cc1d:0x3fc9dc20 0x403841d9:0x3fc9dc40 0x420104d1:0x3fc9dd60 0x4200f160:0x3fc9ddb0 0x4200fdb9:0x3fc9dde0 0x4208e097:0x3fc9e3c0 0x4037d76d:0x3fc9e3f0




ELF file SHA256: f30852bd76ffa309

Rebooting...
 ï¿½ESP-ROM:esp32s3-20210327
Build:Mar 27 2021
rst:0xc (RTC_SW_CPU_RST),boot:0x8 (SPI_FAST_FLASH_BOOT)
Saved PC:0x40375d14
SPIWP:0xee
Octal Flash Mode Enabled
For OPI Flash, Use Default Flash Boot Mode
mode:SLOW_RD, clock div:1
load:0x3fce2810,len:0x178c
load:0x403c8700,len:0x4
load:0x403c8704,len:0xcb8
load:0x403cb700,len:0x2db0
entry 0x403c8914
[0;32mI (37) boot: ESP-IDF v5.3 2nd stage bootloader[0m
[0;32mI (38) boot: compile time Aug 28 2024 12:22:19[0m
[0;32mI (38) boot: Multicore bootloader[0m
[0;32mI (41) boot: chip revision: v0.1[0m
[0;32mI (44) boot.esp32s3: Boot SPI Speed : 80MHz[0m
[0;32mI (49) boot.esp32s3: SPI Mode       : SLOW READ[0m
[0;32mI (54) boot.esp32s3: SPI Flash Size : 32MB[0m
[0;32mI (59) boot: Enabling RNG early entropy source...[0m
[0;32mI (65) boot: Partition Table:[0m
[0;32mI (68) boot: ## Label            Usage          Type ST Offset   Length[0m
[0;32mI (75) boot:  0 nvs              WiFi data        01 02 00009000 00006000[0m
[0;32mI (83) boot:  1 phy_init         RF data          01 01 0000f000 00001000[0m
[0;32mI (90) boot:  2 factory          factory app      00 00 00010000 00200000[0m
[0;32mI (98) boot:  3 littlefs         Unknown data     01 83 00210000 00800000[0m
[0;32mI (105) boot: End of partition table[0m
[0;32mI (110) esp_image: segment 0: paddr=00010020 vaddr=3c090020 size=2c2b8h (180920) map[0m
[0;32mI (161) esp_image: segment 1: paddr=0003c2e0 vaddr=3fc96200 size=02cech ( 11500) load[0m
[0;32mI (164) esp_image: segment 2: paddr=0003efd4 vaddr=40374000 size=01044h (  4164) load[0m
[0;32mI (168) esp_image: segment 3: paddr=00040020 vaddr=42000020 size=8ef98h (585624) map[0m
[0;32mI (314) esp_image: segment 4: paddr=000cefc0 vaddr=40375044 size=11164h ( 69988) load[0m
[0;32mI (334) esp_image: segment 5: paddr=000e012c vaddr=50000000 size=00018h (    24) load[0m
[0;32mI (334) esp_image: segment 6: paddr=000e014c vaddr=600fe000 size=00100h (   256) load[0m
[0;32mI (340) esp_image: segment 7: paddr=000e0254 vaddr=600fe100 size=00008h (     8) load[0m
[0;32mI (356) boot: Loaded app from partition at offset 0x10000[0m
[0;32mI (356) boot: Disabling RNG early entropy source...[0m
[0;32mI (371) cpu_start: Multicore app[0m
[0;32mI (381) cpu_start: Pro cpu start user code[0m
[0;32mI (381) cpu_start: cpu freq: 160000000 Hz[0m
[0;32mI (381) app_init: Application information:[0m
[0;32mI (384) app_init: Project name:     modem-console[0m
[0;32mI (390) app_init: App version:      6f47db3-dirty[0m
[0;32mI (395) app_init: Compile time:     Aug 31 2024 07:43:12[0m
[0;32mI (401) app_init: ELF file SHA256:  f30852bd76ffa309...[0m
[0;32mI (407) app_init: ESP-IDF:          v5.3[0m
[0;32mI (411) efuse_init: Min chip rev:     v0.0[0m
[0;32mI (416) efuse_init: Max chip rev:     v0.99 [0m
[0;32mI (421) efuse_init: Chip rev:         v0.1[0m
[0;32mI (426) heap_init: Initializing. RAM available for dynamic allocation:[0m
[0;32mI (433) heap_init: At 3FC9A9F0 len 0004ED20 (315 KiB): RAM[0m
[0;32mI (439) heap_init: At 3FCE9710 len 00005724 (21 KiB): RAM[0m
[0;32mI (445) heap_init: At 3FCF0000 len 00008000 (32 KiB): DRAM[0m
[0;32mI (452) heap_init: At 600FE108 len 00001EE0 (7 KiB): RTCRAM[0m
[0;33mW (458) spi_flash: Octal flash chip is using but dio mode is selected, will automatically swich to Octal mode[0m
[0;32mI (469) spi_flash: detected chip: mxic (opi)[0m
[0;32mI (473) spi_flash: flash io: opi_str[0m
[0;32mI (478) sleep: Configure to isolate all GPIO pins in sleep state[0m
[0;32mI (485) sleep: Enable automatic switching of GPIO sleep configuration[0m
[0;32mI (492) main_task: Started on CPU0[0m
[0;32mI (512) main_task: Calling app_main()[0m
[0;32mI (512) gpio: GPIO[18]| InputEn: 0| OutputEn: 1| OpenDrain: 0| Pullup: 0| Pulldown: 0| Intr:0 [0m
[0;32mI (532) modem_console: LittleFS initialized successfully[0m
[0;32mI (622) modem_console: File written with content: Hello world, this is littlefs[0m
|-- hello.txt
|-- mydir/
[0;31mE (622) modem_console: Failed to create directory /littlefs/mydir[0m
[0;32mI (622) modem_console: Found hello.txt[0m
[0;32mI (632) modem_console: Found mydir[0m
[0;32mI (632) modem_console: Initializing esp_modem for the BG96 module...[0m
[0;32mI (642) modem_console: Waiting for USB device connection...[0m
[5n
assert failed: void ConsoleCommand::RegisterCommand(const char*, const char*, const std::vector<CommandArgs>&) console_helper.cpp:34 (last_command <= MAX_REPEAT_NR)


Backtrace: 0x40375dda:0x3fc9dc00 0x4037cc1d:0x3fc9dc20 0x403841d9:0x3fc9dc40 0x420104d1:0x3fc9dd60 0x4200f160:0x3fc9ddb0 0x4200fdb9:0x3fc9dde0 0x4208e097:0x3fc9e3c0 0x4037d76d:0x3fc9e3f0




ELF file SHA256: f30852bd76ffa309

Rebooting...
 ï¿½ESP-ROM:esp32s3-20210327
Build:Mar 27 2021
rst:0xc (RTC_SW_CPU_RST),boot:0x8 (SPI_FAST_FLASH_BOOT)
Saved PC:0x40375d14
SPIWP:0xee
Octal Flash Mode Enabled
For OPI Flash, Use Default Flash Boot Mode
mode:SLOW_RD, clock div:1
load:0x3fce2810,len:0x178c
load:0x403c8700,len:0x4
load:0x403c8704,len:0xcb8
load:0x403cb700,len:0x2db0
entry 0x403c8914
[0;32mI (37) boot: ESP-IDF v5.3 2nd stage bootloader[0m
[0;32mI (38) boot: compile time Aug 28 2024 12:22:19[0m
[0;32mI (38) boot: Multicore bootloader[0m
[0;32mI (41) boot: chip revision: v0.1[0m
[0;32mI (44) boot.esp32s3: Boot SPI Speed : 80MHz[0m
[0;32mI (49) boot.esp32s3: SPI Mode       : SLOW READ[0m
[0;32mI (54) boot.esp32s3: SPI Flash Size : 32MB[0m
[0;32mI (59) boot: Enabling RNG early entropy source...[0m
[0;32mI (65) boot: Partition Table:[0m
[0;32mI (68) boot: ## Label            Usage          Type ST Offset   Length[0m
[0;32mI (75) boot:  0 nvs              WiFi data        01 02 00009000 00006000[0m
[0;32mI (83) boot:  1 phy_init         RF data          01 01 0000f000 00001000[0m
[0;32mI (90) boot:  2 factory          factory app      00 00 00010000 00200000[0m
[0;32mI (98) boot:  3 littlefs         Unknown data     01 83 00210000 00800000[0m
[0;32mI (105) boot: End of partition table[0m
[0;32mI (110) esp_image: segment 0: paddr=00010020 vaddr=3c090020 size=2c2b8h (180920) map[0m
[0;32mI (161) esp_image: segment 1: paddr=0003c2e0 vaddr=3fc96200 size=02cech ( 11500) load[0m
[0;32mI (164) esp_image: segment 2: paddr=0003efd4 vaddr=40374000 size=01044h (  4164) load[0m
[0;32mI (168) esp_image: segment 3: paddr=00040020 vaddr=42000020 size=8ef98h (585624) map[0m
[0;32mI (314) esp_image: segment 4: paddr=000cefc0 vaddr=40375044 size=11164h ( 69988) load[0m
[0;32mI (334) esp_image: segment 5: paddr=000e012c vaddr=50000000 size=00018h (    24) load[0m
[0;32mI (334) esp_image: segment 6: paddr=000e014c vaddr=600fe000 size=00100h (   256) load[0m
[0;32mI (340) esp_image: segment 7: paddr=000e0254 vaddr=600fe100 size=00008h (     8) load[0m
[0;32mI (356) boot: Loaded app from partition at offset 0x10000[0m
[0;32mI (356) boot: Disabling RNG early entropy source...[0m
[0;32mI (371) cpu_start: Multicore app[0m
[0;32mI (381) cpu_start: Pro cpu start user code[0m
[0;32mI (381) cpu_start: cpu freq: 160000000 Hz[0m
[0;32mI (381) app_init: Application information:[0m
[0;32mI (384) app_init: Project name:     modem-console[0m
[0;32mI (390) app_init: App version:      6f47db3-dirty[0m
[0;32mI (395) app_init: Compile time:     Aug 31 2024 07:43:12[0m
[0;32mI (401) app_init: ELF file SHA256:  f30852bd76ffa309...[0m
[0;32mI (407) app_init: ESP-IDF:          v5.3[0m
[0;32mI (411) efuse_init: Min chip rev:     v0.0[0m
[0;32mI (416) efuse_init: Max chip rev:     v0.99 [0m
[0;32mI (421) efuse_init: Chip rev:         v0.1[0m
[0;32mI (426) heap_init: Initializing. RAM available for dynamic allocation:[0m
[0;32mI (433) heap_init: At 3FC9A9F0 len 0004ED20 (315 KiB): RAM[0m
[0;32mI (439) heap_init: At 3FCE9710 len 00005724 (21 KiB): RAM[0m
[0;32mI (445) heap_init: At 3FCF0000 len 00008000 (32 KiB): DRAM[0m
[0;32mI (452) heap_init: At 600FE108 len 00001EE0 (7 KiB): RTCRAM[0m
[0;33mW (458) spi_flash: Octal flash chip is using but dio mode is selected, will automatically swich to Octal mode[0m
[0;32mI (469) spi_flash: detected chip: mxic (opi)[0m
[0;32mI (473) spi_flash: flash io: opi_str[0m
[0;32mI (478) sleep: Configure to isolate all GPIO pins in sleep state[0m
[0;32mI (485) sleep: Enable automatic switching of GPIO sleep configuration[0m
[0;32mI (492) main_task: Started on CPU0[0m
[0;32mI (512) main_task: Calling app_main()[0m
[0;32mI (512) gpio: GPIO[18]| InputEn: 0| OutputEn: 1| OpenDrain: 0| Pullup: 0| Pulldown: 0| Intr:0 [0m
[0;32mI (522) modem_console: LittleFS initialized successfully[0m
[0;32mI (532) modem_console: File written with content: Hello world, this is littlefs[0m
|-- hello.txt
|-- mydir/
[0;31mE (532) modem_console: Failed to create directory /littlefs/mydir[0m
[0;32mI (542) modem_console: Found hello.txt[0m
[0;32mI (542) modem_console: Found mydir[0m
[0;32mI (542) modem_console: Initializing esp_modem for the BG96 module...[0m
[0;32mI (552) modem_console: Waiting for USB device connection...[0m
[5n
assert failed: void ConsoleCommand::RegisterCommand(const char*, const char*, const std::vector<CommandArgs>&) console_helper.cpp:34 (last_command <= MAX_REPEAT_NR)


Backtrace: 0x40375dda:0x3fc9dc00 0x4037cc1d:0x3fc9dc20 0x403841d9:0x3fc9dc40 0x420104d1:0x3fc9dd60 0x4200f160:0x3fc9ddb0 0x4200fdb9:0x3fc9dde0 0x4208e097:0x3fc9e3c0 0x4037d76d:0x3fc9e3f0




ELF file SHA256: f30852bd76ffa309

Rebooting...
 ï¿½ESP-ROM:esp32s3-20210327
Build:Mar 27 2021
rst:0xc (RTC_SW_CPU_RST),boot:0x8 (SPI_FAST_FLASH_BOOT)
Saved PC:0x40375d14
SPIWP:0xee
Octal Flash Mode Enabled
For OPI Flash, Use Default Flash Boot Mode
mode:SLOW_RD, clock div:1
load:0x3fce2810,len:0x178c
load:0x403c8700,len:0x4
load:0x403c8704,len:0xcb8
load:0x403cb700,len:0x2db0
entry 0x403c8914
[0;32mI (37) boot: ESP-IDF v5.3 2nd stage bootloader[0m
[0;32mI (38) boot: compile time Aug 28 2024 12:22:19[0m
[0;32mI (38) boot: Multicore bootloader[0m
[0;32mI (41) boot: chip revision: v0.1[0m
[0;32mI (44) boot.esp32s3: Boot SPI Speed : 80MHz[0m
[0;32mI (49) boot.esp32s3: SPI Mode       : SLOW READ[0m
[0;32mI (54) boot.esp32s3: SPI Flash Size : 32MB[0m
[0;32mI (59) boot: Enabling RNG early entropy source...[0m
[0;32mI (65) boot: Partition Table:[0m
[0;32mI (68) boot: ## Label            Usage          Type ST Offset   Length[0m
[0;32mI (75) boot:  0 nvs              WiFi data        01 02 00009000 00006000[0m
[0;32mI (83) boot:  1 phy_init         RF data          01 01 0000f000 00001000[0m
[0;32mI (90) boot:  2 factory          factory app      00 00 00010000 00200000[0m
[0;32mI (98) boot:  3 littlefs         Unknown data     01 83 00210000 00800000[0m
[0;32mI (105) boot: End of partition table[0m
[0;32mI (110) esp_image: segment 0: paddr=00010020 vaddr=3c090020 size=2c2b8h (180920) map[0m
[0;32mI (161) esp_image: segment 1: paddr=0003c2e0 vaddr=3fc96200 size=02cech ( 11500) load[0m
[0;32mI (164) esp_image: segment 2: paddr=0003efd4 vaddr=40374000 size=01044h (  4164) load[0m
[0;32mI (168) esp_image: segment 3: paddr=00040020 vaddr=42000020 size=8ef98h (585624) map[0m
[0;32mI (314) esp_image: segment 4: paddr=000cefc0 vaddr=40375044 size=11164h ( 69988) load[0m
[0;32mI (334) esp_image: segment 5: paddr=000e012c vaddr=50000000 size=00018h (    24) load[0m
[0;32mI (334) esp_image: segment 6: paddr=000e014c vaddr=600fe000 size=00100h (   256) load[0m
[0;32mI (340) esp_image: segment 7: paddr=000e0254 vaddr=600fe100 size=00008h (     8) load[0m
[0;32mI (356) boot: Loaded app from partition at offset 0x10000[0m
[0;32mI (356) boot: Disabling RNG early entropy source...[0m
[0;32mI (371) cpu_start: Multicore app[0m
[0;32mI (381) cpu_start: Pro cpu start user code[0m
[0;32mI (381) cpu_start: cpu freq: 160000000 Hz[0m
[0;32mI (381) app_init: Application information:[0m
[0;32mI (384) app_init: Project name:     modem-console[0m
[0;32mI (390) app_init: App version:      6f47db3-dirty[0m
[0;32mI (395) app_init: Compile time:     Aug 31 2024 07:43:12[0m
[0;32mI (401) app_init: ELF file SHA256:  f30852bd76ffa309...[0m
[0;32mI (407) app_init: ESP-IDF:          v5.3[0m
[0;32mI (411) efuse_init: Min chip rev:     v0.0[0m
[0;32mI (416) efuse_init: Max chip rev:     v0.99 [0m
[0;32mI (421) efuse_init: Chip rev:         v0.1[0m
[0;32mI (426) heap_init: Initializing. RAM available for dynamic allocation:[0m
[0;32mI (433) heap_init: At 3FC9A9F0 len 0004ED20 (315 KiB): RAM[0m
[0;32mI (439) heap_init: At 3FCE9710 len 00005724 (21 KiB): RAM[0m
[0;32mI (445) heap_init: At 3FCF0000 len 00008000 (32 KiB): DRAM[0m
[0;32mI (452) heap_init: At 600FE108 len 00001EE0 (7 KiB): RTCRAM[0m
[0;33mW (458) spi_flash: Octal flash chip is using but dio mode is selected, will automatically swich to Octal mode[0m
[0;32mI (469) spi_flash: detected chip: mxic (opi)[0m
[0;32mI (473) spi_flash: flash io: opi_str[0m
[0;32mI (478) sleep: Configure to isolate all GPIO pins in sleep state[0m
[0;32mI (485) sleep: Enable automatic switching of GPIO sleep configuration[0m
[0;32mI (492) main_task: Started on CPU0[0m
[0;32mI (512) main_task: Calling app_main()[0m
[0;32mI (512) gpio: GPIO[18]| InputEn: 0| OutputEn: 1| OpenDrain: 0| Pullup: 0| Pulldown: 0| Intr:0 [0m
[0;32mI (522) modem_console: LittleFS initialized successfully[0m
[0;32mI (532) modem_console: File written with content: Hello world, this is littlefs[0m
|-- hello.txt
|-- mydir/
[0;31mE (532) modem_console: Failed to create directory /littlefs/mydir[0m
[0;32mI (542) modem_console: Found hello.txt[0m
[0;32mI (542) modem_console: Found mydir[0m
[0;32mI (542) modem_console: Initializing esp_modem for the BG96 module...[0m
[0;32mI (552) modem_console: Waiting for USB device connection...[0m
[5n
assert failed: void ConsoleCommand::RegisterCommand(const char*, const char*, const std::vector<CommandArgs>&) console_helper.cpp:34 (last_command <= MAX_REPEAT_NR)


Backtrace: 0x40375dda:0x3fc9dc00 0x4037cc1d:0x3fc9dc20 0x403841d9:0x3fc9dc40 0x420104d1:0x3fc9dd60 0x4200f160:0x3fc9ddb0 0x4200fdb9:0x3fc9dde0 0x4208e097:0x3fc9e3c0 0x4037d76d:0x3fc9e3f0




ELF file SHA256: f30852bd76ffa309

Rebooting...
 ï¿½ESP-ROM:esp32s3-20210327
Build:Mar 27 2021
rst:0xc (RTC_SW_CPU_RST),boot:0x8 (SPI_FAST_FLASH_BOOT)
Saved PC:0x40375d14
SPIWP:0xee
Octal Flash Mode Enabled
For OPI Flash, Use Default Flash Boot Mode
mode:SLOW_RD, clock div:1
load:0x3fce2810,len:0x178c
load:0x403c8700,len:0x4
load:0x403c8704,len:0xcb8
load:0x403cb700,len:0x2db0
entry 0x403c8914
[0;32mI (37) boot: ESP-IDF v5.3 2nd stage bootloader[0m
[0;32mI (38) boot: compile time Aug 28 2024 12:22:19[0m
[0;32mI (38) boot: Multicore bootloader[0m
[0;32mI (41) boot: chip revision: v0.1[0m
[0;32mI (44) boot.esp32s3: Boot SPI Speed : 80MHz[0m
[0;32mI (49) boot.esp32s3: SPI Mode       : SLOW READ[0m
[0;32mI (54) boot.esp32s3: SPI Flash Size : 32MB[0m
[0;32mI (59) boot: Enabling RNG early entropy source...[0m
[0;32mI (65) boot: Partition Table:[0m
[0;32mI (68) boot: ## Label            Usage          Type ST Offset   Length[0m
[0;32mI (75) boot:  0 nvs              WiFi data        01 02 00009000 00006000[0m
[0;32mI (83) boot:  1 phy_init         RF data          01 01 0000f000 00001000[0m
[0;32mI (90) boot:  2 factory          factory app      00 00 00010000 00200000[0m
[0;32mI (98) boot:  3 littlefs         Unknown data     01 83 00210000 00800000[0m
[0;32mI (105) boot: End of partition table[0m
[0;32mI (110) esp_image: segment 0: paddr=00010020 vaddr=3c090020 size=2c2b8h (180920) map[0m
[0;32mI (161) esp_image: segment 1: paddr=0003c2e0 vaddr=3fc96200 size=02cech ( 11500) load[0m
[0;32mI (164) esp_image: segment 2: paddr=0003efd4 vaddr=40374000 size=01044h (  4164) load[0m
[0;32mI (168) esp_image: segment 3: paddr=00040020 vaddr=42000020 size=8ef98h (585624) map[0m
[0;32mI (314) esp_image: segment 4: paddr=000cefc0 vaddr=40375044 size=11164h ( 69988) load[0m
[0;32mI (334) esp_image: segment 5: paddr=000e012c vaddr=50000000 size=00018h (    24) load[0m
[0;32mI (334) esp_image: segment 6: paddr=000e014c vaddr=600fe000 size=00100h (   256) load[0m
[0;32mI (340) esp_image: segment 7: paddr=000e0254 vaddr=600fe100 size=00008h (     8) load[0m
[0;32mI (356) boot: Loaded app from partition at offset 0x10000[0m
[0;32mI (356) boot: Disabling RNG early entropy source...[0m
[0;32mI (371) cpu_start: Multicore app[0m
[0;32mI (381) cpu_start: Pro cpu start user code[0m
[0;32mI (381) cpu_start: cpu freq: 160000000 Hz[0m
[0;32mI (381) app_init: Application information:[0m
[0;32mI (384) app_init: Project name:     modem-console[0m
[0;32mI (390) app_init: App version:      6f47db3-dirty[0m
[0;32mI (395) app_init: Compile time:     Aug 31 2024 07:43:12[0m
[0;32mI (401) app_init: ELF file SHA256:  f30852bd76ffa309...[0m
[0;32mI (407) app_init: ESP-IDF:          v5.3[0m
[0;32mI (411) efuse_init: Min chip rev:     v0.0[0m
[0;32mI (416) efuse_init: Max chip rev:     v0.99 [0m
[0;32mI (421) efuse_init: Chip rev:         v0.1[0m
[0;32mI (426) heap_init: Initializing. RAM available for dynamic allocation:[0m
[0;32mI (433) heap_init: At 3FC9A9F0 len 0004ED20 (315 KiB): RAM[0m
[0;32mI (439) heap_init: At 3FCE9710 len 00005724 (21 KiB): RAM[0m
[0;32mI (445) heap_init: At 3FCF0000 len 00008000 (32 KiB): DRAM[0m
[0;32mI (452) heap_init: At 600FE108 len 00001EE0 (7 KiB): RTCRAM[0m
[0;33mW (458) spi_flash: Octal flash chip is using but dio mode is selected, will automatically swich to Octal mode[0m
[0;32mI (469) spi_flash: detected chip: mxic (opi)[0m
[0;32mI (473) spi_flash: flash io: opi_str[0m
[0;32mI (478) sleep: Configure to isolate all GPIO pins in sleep state[0m
[0;32mI (485) sleep: Enable automatic switching of GPIO sleep configuration[0m
[0;32mI (492) main_task: Started on CPU0[0m
[0;32mI (512) main_task: Calling app_main()[0m
[0;32mI (512) gpio: GPIO[18]| InputEn: 0| OutputEn: 1| OpenDrain: 0| Pullup: 0| Pulldown: 0| Intr:0 [0m
[0;32mI (522) modem_console: LittleFS initialized successfully[0m
[0;32mI (532) modem_console: File written with content: Hello world, this is littlefs[0m
|-- hello.txt
|-- mydir/
[0;31mE (542) modem_console: Failed to create directory /littlefs/mydir[0m
[0;32mI (542) modem_console: Found hello.txt[0m
[0;32mI (542) modem_console: Found mydir[0m
[0;32mI (542) modem_console: Initializing esp_modem for the BG96 module...[0m
[0;32mI (552) modem_console: Waiting for USB device connection...[0m
[5n
assert failed: void ConsoleCommand::RegisterCommand(const char*, const char*, const std::vector<CommandArgs>&) console_helper.cpp:34 (last_command <= MAX_REPEAT_NR)


Backtrace: 0x40375dda:0x3fc9dc00 0x4037cc1d:0x3fc9dc20 0x403841d9:0x3fc9dc40 0x420104d1:0x3fc9dd60 0x4200f160:0x3fc9ddb0 0x4200fdb9:0x3fc9dde0 0x4208e097:0x3fc9e3c0 0x4037d76d:0x3fc9e3f0




ELF file SHA256: f30852bd76ffa309

Rebooting...
 ï¿½ESP-ROM:esp32s3-20210327
Build:Mar 27 2021
rst:0xc (RTC_SW_CPU_RST),boot:0x8 (SPI_FAST_FLASH_BOOT)
Saved PC:0x40375d14
SPIWP:0xee
Octal Flash Mode Enabled
For OPI Flash, Use Default Flash Boot Mode
mode:SLOW_RD, clock div:1
load:0x3fce2810,len:0x178c
load:0x403c8700,len:0x4
load:0x403c8704,len:0xcb8
load:0x403cb700,len:0x2db0
entry 0x403c8914
[0;32mI (37) boot: ESP-IDF v5.3 2nd stage bootloader[0m
[0;32mI (38) boot: compile time Aug 28 2024 12:22:19[0m
[0;32mI (38) boot: Multicore bootloader[0m
[0;32mI (41) boot: chip revision: v0.1[0m
[0;32mI (44) boot.esp32s3: Boot SPI Speed : 80MHz[0m
[0;32mI (49) boot.esp32s3: SPI Mode       : SLOW READ[0m
[0;32mI (54) boot.esp32s3: SPI Flash Size : 32MB[0m
[0;32mI (59) boot: Enabling RNG early entropy source...[0m
[0;32mI (65) boot: Partition Table:[0m
[0;32mI (68) boot: ## Label            Usage          Type ST Offset   Length[0m
[0;32mI (75) boot:  0 nvs              WiFi data        01 02 00009000 00006000[0m
[0;32mI (83) boot:  1 phy_init         RF data          01 01 0000f000 00001000[0m
[0;32mI (90) boot:  2 factory          factory app      00 00 00010000 00200000[0m
[0;32mI (98) boot:  3 littlefs         Unknown data     01 83 00210000 00800000[0m
[0;32mI (105) boot: End of partition table[0m
[0;32mI (110) esp_image: segment 0: paddr=00010020 vaddr=3c090020 size=2c2b8h (180920) map[0m
[0;32mI (161) esp_image: segment 1: paddr=0003c2e0 vaddr=3fc96200 size=02cech ( 11500) load[0m
[0;32mI (164) esp_image: segment 2: paddr=0003efd4 vaddr=40374000 size=01044h (  4164) load[0m
[0;32mI (168) esp_image: segment 3: paddr=00040020 vaddr=42000020 size=8ef98h (585624) map[0m
[0;32mI (314) esp_image: segment 4: paddr=000cefc0 vaddr=40375044 size=11164h ( 69988) load[0m
[0;32mI (334) esp_image: segment 5: paddr=000e012c vaddr=50000000 size=00018h (    24) load[0m
[0;32mI (334) esp_image: segment 6: paddr=000e014c vaddr=600fe000 size=00100h (   256) load[0m
[0;32mI (340) esp_image: segment 7: paddr=000e0254 vaddr=600fe100 size=00008h (     8) load[0m
[0;32mI (356) boot: Loaded app from partition at offset 0x10000[0m
[0;32mI (356) boot: Disabling RNG early entropy source...[0m
[0;32mI (371) cpu_start: Multicore app[0m
[0;32mI (381) cpu_start: Pro cpu start user code[0m
[0;32mI (381) cpu_start: cpu freq: 160000000 Hz[0m
[0;32mI (381) app_init: Application information:[0m
[0;32mI (384) app_init: Project name:     modem-console[0m
[0;32mI (390) app_init: App version:      6f47db3-dirty[0m
[0;32mI (395) app_init: Compile time:     Aug 31 2024 07:43:12[0m
[0;32mI (401) app_init: ELF file SHA256:  f30852bd76ffa309...[0m
[0;32mI (407) app_init: ESP-IDF:          v5.3[0m
[0;32mI (411) efuse_init: Min chip rev:     v0.0[0m
[0;32mI (416) efuse_init: Max chip rev:     v0.99 [0m
[0;32mI (421) efuse_init: Chip rev:         v0.1[0m
[0;32mI (426) heap_init: Initializing. RAM available for dynamic allocation:[0m
[0;32mI (433) heap_init: At 3FC9A9F0 len 0004ED20 (315 KiB): RAM[0m
[0;32mI (439) heap_init: At 3FCE9710 len 00005724 (21 KiB): RAM[0m
[0;32mI (445) heap_init: At 3FCF0000 len 00008000 (32 KiB): DRAM[0m
[0;32mI (452) heap_init: At 600FE108 len 00001EE0 (7 KiB): RTCRAM[0m
[0;33mW (458) spi_flash: Octal flash chip is using but dio mode is selected, will automatically swich to Octal mode[0m
[0;32mI (469) spi_flash: detected chip: mxic (opi)[0m
[0;32mI (473) spi_flash: flash io: opi_str[0m
[0;32mI (478) sleep: Configure to isolate all GPIO pins in sleep state[0m
[0;32mI (485) sleep: Enable automatic switching of GPIO sleep configuration[0m
[0;32mI (492) main_task: Started on CPU0[0m
[0;32mI (512) main_task: Calling app_main()[0m
[0;32mI (512) gpio: GPIO[18]| InputEn: 0| OutputEn: 1| OpenDrain: 0| Pullup: 0| Pulldown: 0| Intr:0 [0m
[0;32mI (522) modem_console: LittleFS initialized successfully[0m
[0;32mI (532) modem_console: File written with content: Hello world, this is littlefs[0m
|-- hello.txt
|-- mydir/
[0;31mE (542) modem_console: Failed to create directory /littlefs/mydir[0m
[0;32mI (542) modem_console: Found hello.txt[0m
[0;32mI (542) modem_console: Found mydir[0m
[0;32mI (542) modem_console: Initializing esp_modem for the BG96 module...[0m
[0;32mI (552) modem_console: Waiting for USB device connection...[0m
[5n
assert failed: void ConsoleCommand::RegisterCommand(const char*, const char*, const std::vector<CommandArgs>&) console_helper.cpp:34 (last_command <= MAX_REPEAT_NR)


Backtrace: 0x40375dda:0x3fc9dc00 0x4037cc1d:0x3fc9dc20 0x403841d9:0x3fc9dc40 0x420104d1:0x3fc9dd60 0x4200f160:0x3fc9ddb0 0x4200fdb9:0x3fc9dde0 0x4208e097:0x3fc9e3c0 0x4037d76d:0x3fc9e3f0




ELF file SHA256: f30852bd76ffa309

Rebooting...
 ï¿½ESP-ROM:esp32s3-20210327
Build:Mar 27 2021
rst:0xc (RTC_SW_CPU_RST),boot:0x8 (SPI_FAST_FLASH_BOOT)
Saved PC:0x40375d14
SPIWP:0xee
Octal Flash Mode Enabled
For OPI Flash, Use Default Flash Boot Mode
mode:SLOW_RD, clock div:1
load:0x3fce2810,len:0x178c
load:0x403c8700,len:0x4
load:0x403c8704,len:0xcb8
load:0x403cb700,len:0x2db0
entry 0x403c8914
[0;32mI (37) boot: ESP-IDF v5.3 2nd stage bootloader[0m
[0;32mI (38) boot: compile time Aug 28 2024 12:22:19[0m
[0;32mI (38) boot: Multicore bootloader[0m
[0;32mI (41) boot: chip revision: v0.1[0m
[0;32mI (44) boot.esp32s3: Boot SPI Speed : 80MHz[0m
[0;32mI (49) boot.esp32s3: SPI Mode       : SLOW READ[0m
[0;32mI (54) boot.esp32s3: SPI Flash Size : 32MB[0m
[0;32mI (59) boot: Enabling RNG early entropy source...[0m
[0;32mI (65) boot: Partition Table:[0m
[0;32mI (68) boot: ## Label            Usage          Type ST Offset   Length[0m
[0;32mI (75) boot:  0 nvs              WiFi data        01 02 00009000 00006000[0m
[0;32mI (83) boot:  1 phy_init         RF data          01 01 0000f000 00001000[0m
[0;32mI (90) boot:  2 factory          factory app      00 00 00010000 00200000[0m
[0;32mI (98) boot:  3 littlefs         Unknown data     01 83 00210000 00800000[0m
[0;32mI (105) boot: End of partition table[0m
[0;32mI (110) esp_image: segment 0: paddr=00010020 vaddr=3c090020 size=2c2b8h (180920) map[0m
[0;32mI (161) esp_image: segment 1: paddr=0003c2e0 vaddr=3fc96200 size=02cech ( 11500) load[0m
[0;32mI (164) esp_image: segment 2: paddr=0003efd4 vaddr=40374000 size=01044h (  4164) load[0m
[0;32mI (168) esp_image: segment 3: paddr=00040020 vaddr=42000020 size=8ef98h (585624) map[0m
[0;32mI (314) esp_image: segment 4: paddr=000cefc0 vaddr=40375044 size=11164h ( 69988) load[0m
[0;32mI (334) esp_image: segment 5: paddr=000e012c vaddr=50000000 size=00018h (    24) load[0m
[0;32mI (334) esp_image: segment 6: paddr=000e014c vaddr=600fe000 size=00100h (   256) load[0m
[0;32mI (340) esp_image: segment 7: paddr=000e0254 vaddr=600fe100 size=00008h (     8) load[0m
[0;32mI (356) boot: Loaded app from partition at offset 0x10000[0m
[0;32mI (356) boot: Disabling RNG early entropy source...[0m
[0;32mI (371) cpu_start: Multicore app[0m
[0;32mI (381) cpu_start: Pro cpu start user code[0m
[0;32mI (381) cpu_start: cpu freq: 160000000 Hz[0m
[0;32mI (381) app_init: Application information:[0m
[0;32mI (384) app_init: Project name:     modem-console[0m
[0;32mI (390) app_init: App version:      6f47db3-dirty[0m
[0;32mI (395) app_init: Compile time:     Aug 31 2024 07:43:12[0m
[0;32mI (401) app_init: ELF file SHA256:  f30852bd76ffa309...[0m
[0;32mI (407) app_init: ESP-IDF:          v5.3[0m
[0;32mI (411) efuse_init: Min chip rev:     v0.0[0m
[0;32mI (416) efuse_init: Max chip rev:     v0.99 [0m
[0;32mI (421) efuse_init: Chip rev:         v0.1[0m
[0;32mI (426) heap_init: Initializing. RAM available for dynamic allocation:[0m
[0;32mI (433) heap_init: At 3FC9A9F0 len 0004ED20 (315 KiB): RAM[0m
[0;32mI (439) heap_init: At 3FCE9710 len 00005724 (21 KiB): RAM[0m
[0;32mI (445) heap_init: At 3FCF0000 len 00008000 (32 KiB): DRAM[0m
[0;32mI (452) heap_init: At 600FE108 len 00001EE0 (7 KiB): RTCRAM[0m
[0;33mW (458) spi_flash: Octal flash chip is using but dio mode is selected, will automatically swich to Octal mode[0m
[0;32mI (469) spi_flash: detected chip: mxic (opi)[0m
[0;32mI (473) spi_flash: flash io: opi_str[0m
[0;32mI (478) sleep: Configure to isolate all GPIO pins in sleep state[0m
[0;32mI (485) sleep: Enable automatic switching of GPIO sleep configuration[0m
[0;32mI (492) main_task: Started on CPU0[0m
[0;32mI (512) main_task: Calling app_main()[0m
[0;32mI (512) gpio: GPIO[18]| InputEn: 0| OutputEn: 1| OpenDrain: 0| Pullup: 0| Pulldown: 0| Intr:0 [0m
[0;32mI (522) modem_console: LittleFS initialized successfully[0m
[0;32mI (532) modem_console: File written with content: Hello world, this is littlefs[0m
|-- hello.txt
|-- mydir/
[0;31mE (542) modem_console: Failed to create directory /littlefs/mydir[0m
[0;32mI (542) modem_console: Found hello.txt[0m
[0;32mI (552) modem_console: Found mydir[0m
[0;32mI (552) modem_console: Initializing esp_modem for the BG96 module...[0m
[0;32mI (552) modem_console: Waiting for USB device connection...[0m
[5n
assert failed: void ConsoleCommand::RegisterCommand(const char*, const char*, const std::vector<CommandArgs>&) console_helper.cpp:34 (last_command <= MAX_REPEAT_NR)


Backtrace: 0x40375dda:0x3fc9dc00 0x4037cc1d:0x3fc9dc20 0x403841d9:0x3fc9dc40 0x420104d1:0x3fc9dd60 0x4200f160:0x3fc9ddb0 0x4200fdb9:0x3fc9dde0 0x4208e097:0x3fc9e3c0 0x4037d76d:0x3fc9e3f0




ELF file SHA256: f30852bd76ffa309

Rebooting...
 ï¿½ESP-ROM:esp32s3-20210327
Build:Mar 27 2021
rst:0xc (RTC_SW_CPU_RST),boot:0x8 (SPI_FAST_FLASH_BOOT)
Saved PC:0x40375d14
SPIWP:0xee
Octal Flash Mode Enabled
For OPI Flash, Use Default Flash Boot Mode
mode:SLOW_RD, clock div:1
load:0x3fce2810,len:0x178c
load:0x403c8700,len:0x4
load:0x403c8704,len:0xcb8
load:0x403cb700,len:0x2db0
entry 0x403c8914
[0;32mI (37) boot: ESP-IDF v5.3 2nd stage bootloader[0m
[0;32mI (38) boot: compile time Aug 28 2024 12:22:19[0m
[0;32mI (38) boot: Multicore bootloader[0m
[0;32mI (41) boot: chip revision: v0.1[0m
[0;32mI (44) boot.esp32s3: Boot SPI Speed : 80MHz[0m
[0;32mI (49) boot.esp32s3: SPI Mode       : SLOW READ[0m
[0;32mI (54) boot.esp32s3: SPI Flash Size : 32MB[0m
[0;32mI (59) boot: Enabling RNG early entropy source...[0m
[0;32mI (65) boot: Partition Table:[0m
[0;32mI (68) boot: ## Label            Usage          Type ST Offset   Length[0m
[0;32mI (75) boot:  0 nvs              WiFi data        01 02 00009000 00006000[0m
[0;32mI (83) boot:  1 phy_init         RF data          01 01 0000f000 00001000[0m
[0;32mI (90) boot:  2 factory          factory app      00 00 00010000 00200000[0m
[0;32mI (98) boot:  3 littlefs         Unknown data     01 83 00210000 00800000[0m
[0;32mI (105) boot: End of partition table[0m
[0;32mI (110) esp_image: segment 0: paddr=00010020 vaddr=3c090020 size=2c2b8h (180920) map[0m
[0;32mI (161) esp_image: segment 1: paddr=0003c2e0 vaddr=3fc96200 size=02cech ( 11500) load[0m
[0;32mI (164) esp_image: segment 2: paddr=0003efd4 vaddr=40374000 size=01044h (  4164) load[0m
[0;32mI (168) esp_image: segment 3: paddr=00040020 vaddr=42000020 size=8ef98h (585624) map[0m
[0;32mI (314) esp_image: segment 4: paddr=000cefc0 vaddr=40375044 size=11164h ( 69988) load[0m
[0;32mI (334) esp_image: segment 5: paddr=000e012c vaddr=50000000 size=00018h (    24) load[0m
[0;32mI (334) esp_image: segment 6: paddr=000e014c vaddr=600fe000 size=00100h (   256) load[0m
[0;32mI (340) esp_image: segment 7: paddr=000e0254 vaddr=600fe100 size=00008h (     8) load[0m
[0;32mI (356) boot: Loaded app from partition at offset 0x10000[0m
[0;32mI (356) boot: Disabling RNG early entropy source...[0m
[0;32mI (371) cpu_start: Multicore app[0m
[0;32mI (381) cpu_start: Pro cpu start user code[0m
[0;32mI (381) cpu_start: cpu freq: 160000000 Hz[0m
[0;32mI (381) app_init: Application information:[0m
[0;32mI (384) app_init: Project name:     modem-console[0m
[0;32mI (390) app_init: App version:      6f47db3-dirty[0m
[0;32mI (395) app_init: Compile time:     Aug 31 2024 07:43:12[0m
[0;32mI (401) app_init: ELF file SHA256:  f30852bd76ffa309...[0m
[0;32mI (407) app_init: ESP-IDF:          v5.3[0m
[0;32mI (411) efuse_init: Min chip rev:     v0.0[0m
[0;32mI (416) efuse_init: Max chip rev:     v0.99 [0m
[0;32mI (421) efuse_init: Chip rev:         v0.1[0m
[0;32mI (426) heap_init: Initializing. RAM available for dynamic allocation:[0m
[0;32mI (433) heap_init: At 3FC9A9F0 len 0004ED20 (315 KiB): RAM[0m
[0;32mI (439) heap_init: At 3FCE9710 len 00005724 (21 KiB): RAM[0m
[0;32mI (445) heap_init: At 3FCF0000 len 00008000 (32 KiB): DRAM[0m
[0;32mI (452) heap_init: At 600FE108 len 00001EE0 (7 KiB): RTCRAM[0m
[0;33mW (458) spi_flash: Octal flash chip is using but dio mode is selected, will automatically swich to Octal mode[0m
[0;32mI (469) spi_flash: detected chip: mxic (opi)[0m
[0;32mI (473) spi_flash: flash io: opi_str[0m
[0;32mI (478) sleep: Configure to isolate all GPIO pins in sleep state[0m
[0;32mI (485) sleep: Enable automatic switching of GPIO sleep configuration[0m
[0;32mI (492) main_task: Started on CPU0[0m
[0;32mI (512) main_task: Calling app_main()[0m
[0;32mI (512) gpio: GPIO[18]| InputEn: 0| OutputEn: 1| OpenDrain: 0| Pullup: 0| Pulldown: 0| Intr:0 [0m
[0;32mI (522) modem_console: LittleFS initialized successfully[0m
[0;32mI (542) modem_console: File written with content: Hello world, this is littlefs[0m
|-- hello.txt
|-- mydir/
[0;31mE (552) modem_console: Failed to create directory /littlefs/mydir[0m
[0;32mI (562) modem_console: Found hello.txt[0m
[0;32mI (562) modem_console: Found mydir[0m
[0;32mI (562) modem_console: Initializing esp_modem for the BG96 module...[0m
[0;32mI (562) modem_console: Waiting for USB device connection...[0m
[5n
assert failed: void ConsoleCommand::RegisterCommand(const char*, const char*, const std::vector<CommandArgs>&) console_helper.cpp:34 (last_command <= MAX_REPEAT_NR)


Backtrace: 0x40375dda:0x3fc9dc00 0x4037cc1d:0x3fc9dc20 0x403841d9:0x3fc9dc40 0x420104d1:0x3fc9dd60 0x4200f160:0x3fc9ddb0 0x4200fdb9:0x3fc9dde0 0x4208e097:0x3fc9e3c0 0x4037d76d:0x3fc9e3f0




ELF file SHA256: f30852bd76ffa309

Rebooting...
 ï¿½ESP-ROM:esp32s3-20210327
Build:Mar 27 2021
rst:0xc (RTC_SW_CPU_RST),boot:0x8 (SPI_FAST_FLASH_BOOT)
Saved PC:0x40375d14
SPIWP:0xee
Octal Flash Mode Enabled
For OPI Flash, Use Default Flash Boot Mode
mode:SLOW_RD, clock div:1
load:0x3fce2810,len:0x178c
load:0x403c8700,len:0x4
load:0x403c8704,len:0xcb8
load:0x403cb700,len:0x2db0
entry 0x403c8914
[0;32mI (37) boot: ESP-IDF v5.3 2nd stage bootloader[0m
[0;32mI (38) boot: compile time Aug 28 2024 12:22:19[0m
[0;32mI (38) boot: Multicore bootloader[0m
[0;32mI (41) boot: chip revision: v0.1[0m
[0;32mI (44) boot.esp32s3: Boot SPI Speed : 80MHz[0m
[0;32mI (49) boot.esp32s3: SPI Mode       : SLOW READ[0m
[0;32mI (54) boot.esp32s3: SPI Flash Size : 32MB[0m
[0;32mI (59) boot: Enabling RNG early entropy source...[0m
[0;32mI (65) boot: Partition Table:[0m
[0;32mI (68) boot: ## Label            Usage          Type ST Offset   Length[0m
[0;32mI (75) boot:  0 nvs              WiFi data        01 02 00009000 00006000[0m
[0;32mI (83) boot:  1 phy_init         RF data          01 01 0000f000 00001000[0m
[0;32mI (90) boot:  2 factory          factory app      00 00 00010000 00200000[0m
[0;32mI (98) boot:  3 littlefs         Unknown data     01 83 00210000 00800000[0m
[0;32mI (105) boot: End of partition table[0m
[0;32mI (110) esp_image: segment 0: paddr=00010020 vaddr=3c090020 size=2c2b8h (180920) map[0m
[0;32mI (161) esp_image: segment 1: paddr=0003c2e0 vaddr=3fc96200 size=02cech ( 11500) load[0m
[0;32mI (164) esp_image: segment 2: paddr=0003efd4 vaddr=40374000 size=01044h (  4164) load[0m
[0;32mI (168) esp_image: segment 3: paddr=00040020 vaddr=42000020 size=8ef98h (585624) map[0m
[0;32mI (314) esp_image: segment 4: paddr=000cefc0 vaddr=40375044 size=11164h ( 69988) load[0m
[0;32mI (334) esp_image: segment 5: paddr=000e012c vaddr=50000000 size=00018h (    24) load[0m
[0;32mI (334) esp_image: segment 6: paddr=000e014c vaddr=600fe000 size=00100h (   256) load[0m
[0;32mI (340) esp_image: segment 7: paddr=000e0254 vaddr=600fe100 size=00008h (     8) load[0m
[0;32mI (356) boot: Loaded app from partition at offset 0x10000[0m
[0;32mI (356) boot: Disabling RNG early entropy source...[0m
[0;32mI (371) cpu_start: Multicore app[0m
[0;32mI (381) cpu_start: Pro cpu start user code[0m
[0;32mI (381) cpu_start: cpu freq: 160000000 Hz[0m
[0;32mI (381) app_init: Application information:[0m
[0;32mI (384) app_init: Project name:     modem-console[0m
[0;32mI (390) app_init: App version:      6f47db3-dirty[0m
[0;32mI (395) app_init: Compile time:     Aug 31 2024 07:43:12[0m
[0;32mI (401) app_init: ELF file SHA256:  f30852bd76ffa309...[0m
[0;32mI (407) app_init: ESP-IDF:          v5.3[0m
[0;32mI (411) efuse_init: Min chip rev:     v0.0[0m
[0;32mI (416) efuse_init: Max chip rev:     v0.99 [0m
[0;32mI (421) efuse_init: Chip rev:         v0.1[0m
[0;32mI (426) heap_init: Initializing. RAM available for dynamic allocation:[0m
[0;32mI (433) heap_init: At 3FC9A9F0 len 0004ED20 (315 KiB): RAM[0m
[0;32mI (439) heap_init: At 3FCE9710 len 00005724 (21 KiB): RAM[0m
[0;32mI (445) heap_init: At 3FCF0000 len 00008000 (32 KiB): DRAM[0m
[0;32mI (452) heap_init: At 600FE108 len 00001EE0 (7 KiB): RTCRAM[0m
[0;33mW (458) spi_flash: Octal flash chip is using but dio mode is selected, will automatically swich to Octal mode[0m
[0;32mI (469) spi_flash: detected chip: mxic (opi)[0m
[0;32mI (473) spi_flash: flash io: opi_str[0m
[0;32mI (478) sleep: Configure to isolate all GPIO pins in sleep state[0m
[0;32mI (485) sleep: Enable automatic switching of GPIO sleep configuration[0m
[0;32mI (492) main_task: Started on CPU0[0m
[0;32mI (512) main_task: Calling app_main()[0m
[0;32mI (512) gpio: GPIO[18]| InputEn: 0| OutputEn: 1| OpenDrain: 0| Pullup: 0| Pulldown: 0| Intr:0 [0m
[0;32mI (522) modem_console: LittleFS initialized successfully[0m
[0;32mI (542) modem_console: File written with content: Hello world, this is littlefs[0m
|-- hello.txt
|-- mydir/
[0;31mE (552) modem_console: Failed to create directory /littlefs/mydir[0m
[0;32mI (562) modem_console: Found hello.txt[0m
[0;32mI (562) modem_console: Found mydir[0m
[0;32mI (562) modem_console: Initializing esp_modem for the BG96 module...[0m
[0;32mI (572) modem_console: Waiting for USB device connection...[0m
[5n
assert failed: void ConsoleCommand::RegisterCommand(const char*, const char*, const std::vector<CommandArgs>&) console_helper.cpp:34 (last_command <= MAX_REPEAT_NR)


Backtrace: 0x40375dda:0x3fc9dc00 0x4037cc1d:0x3fc9dc20 0x403841d9:0x3fc9dc40 0x420104d1:0x3fc9dd60 0x4200f160:0x3fc9ddb0 0x4200fdb9:0x3fc9dde0 0x4208e097:0x3fc9e3c0 0x4037d76d:0x3fc9e3f0




ELF file SHA256: f30852bd76ffa309

Rebooting...
 ï¿½ESP-ROM:esp32s3-20210327
Build:Mar 27 2021
rst:0xc (RTC_SW_CPU_RST),boot:0x8 (SPI_FAST_FLASH_BOOT)
Saved PC:0x40375d14
SPIWP:0xee
Octal Flash Mode Enabled
For OPI Flash, Use Default Flash Boot Mode
mode:SLOW_RD, clock div:1
load:0x3fce2810,len:0x178c
load:0x403c8700,len:0x4
load:0x403c8704,len:0xcb8
load:0x403cb700,len:0x2db0
entry 0x403c8914
[0;32mI (37) boot: ESP-IDF v5.3 2nd stage bootloader[0m
[0;32mI (38) boot: compile time Aug 28 2024 12:22:19[0m
[0;32mI (38) boot: Multicore bootloader[0m
[0;32mI (41) boot: chip revision: v0.1[0m
[0;32mI (44) boot.esp32s3: Boot SPI Speed : 80MHz[0m
[0;32mI (49) boot.esp32s3: SPI Mode       : SLOW READ[0m
[0;32mI (54) boot.esp32s3: SPI Flash Size : 32MB[0m
[0;32mI (59) boot: Enabling RNG early entropy source...[0m
[0;32mI (65) boot: Partition Table:[0m
[0;32mI (68) boot: ## Label            Usage          Type ST Offset   Length[0m
[0;32mI (75) boot:  0 nvs              WiFi data        01 02 00009000 00006000[0m
[0;32mI (83) boot:  1 phy_init         RF data          01 01 0000f000 00001000[0m
[0;32mI (90) boot:  2 factory          factory app      00 00 00010000 00200000[0m
[0;32mI (98) boot:  3 littlefs         Unknown data     01 83 00210000 00800000[0m
[0;32mI (105) boot: End of partition table[0m
[0;32mI (110) esp_image: segment 0: paddr=00010020 vaddr=3c090020 size=2c2b8h (180920) map[0m
[0;32mI (161) esp_image: segment 1: paddr=0003c2e0 vaddr=3fc96200 size=02cech ( 11500) load[0m
[0;32mI (164) esp_image: segment 2: paddr=0003efd4 vaddr=40374000 size=01044h (  4164) load[0m
[0;32mI (168) esp_image: segment 3: paddr=00040020 vaddr=42000020 size=8ef98h (585624) map[0m
[0;32mI (314) esp_image: segment 4: paddr=000cefc0 vaddr=40375044 size=11164h ( 69988) load[0m
[0;32mI (334) esp_image: segment 5: paddr=000e012c vaddr=50000000 size=00018h (    24) load[0m
[0;32mI (334) esp_image: segment 6: paddr=000e014c vaddr=600fe000 size=00100h (   256) load[0m
[0;32mI (340) esp_image: segment 7: paddr=000e0254 vaddr=600fe100 size=00008h (     8) load[0m
[0;32mI (356) boot: Loaded app from partition at offset 0x10000[0m
[0;32mI (356) boot: Disabling RNG early entropy source...[0m
